Archive member included to satisfy reference by file (symbol)

c:/ac6/systemworkbench/plugins/fr.ac6.mcu.externaltools.arm-none.win32_1.16.0.201807130628/tools/compiler/bin/../lib/gcc/arm-none-eabi/7.2.1/../../../../arm-none-eabi/lib/thumb/v7-m\libm.a(lib_a-s_copysign.o)
                              Src/quaternion.o (copysign)
c:/ac6/systemworkbench/plugins/fr.ac6.mcu.externaltools.arm-none.win32_1.16.0.201807130628/tools/compiler/bin/../lib/gcc/arm-none-eabi/7.2.1/../../../../arm-none-eabi/lib/thumb/v7-m\libm.a(lib_a-sf_cos.o)
                              Src/quaternion.o (cosf)
c:/ac6/systemworkbench/plugins/fr.ac6.mcu.externaltools.arm-none.win32_1.16.0.201807130628/tools/compiler/bin/../lib/gcc/arm-none-eabi/7.2.1/../../../../arm-none-eabi/lib/thumb/v7-m\libm.a(lib_a-sf_pow.o)
                              Src/quaternion.o (powf)
c:/ac6/systemworkbench/plugins/fr.ac6.mcu.externaltools.arm-none.win32_1.16.0.201807130628/tools/compiler/bin/../lib/gcc/arm-none-eabi/7.2.1/../../../../arm-none-eabi/lib/thumb/v7-m\libm.a(lib_a-sf_pow_log2_data.o)
                              c:/ac6/systemworkbench/plugins/fr.ac6.mcu.externaltools.arm-none.win32_1.16.0.201807130628/tools/compiler/bin/../lib/gcc/arm-none-eabi/7.2.1/../../../../arm-none-eabi/lib/thumb/v7-m\libm.a(lib_a-sf_pow.o) (__powf_log2_data)
c:/ac6/systemworkbench/plugins/fr.ac6.mcu.externaltools.arm-none.win32_1.16.0.201807130628/tools/compiler/bin/../lib/gcc/arm-none-eabi/7.2.1/../../../../arm-none-eabi/lib/thumb/v7-m\libm.a(lib_a-sf_sin.o)
                              Src/quaternion.o (sinf)
c:/ac6/systemworkbench/plugins/fr.ac6.mcu.externaltools.arm-none.win32_1.16.0.201807130628/tools/compiler/bin/../lib/gcc/arm-none-eabi/7.2.1/../../../../arm-none-eabi/lib/thumb/v7-m\libm.a(lib_a-w_sqrt.o)
                              Src/vector3.o (sqrt)
c:/ac6/systemworkbench/plugins/fr.ac6.mcu.externaltools.arm-none.win32_1.16.0.201807130628/tools/compiler/bin/../lib/gcc/arm-none-eabi/7.2.1/../../../../arm-none-eabi/lib/thumb/v7-m\libm.a(lib_a-wf_acos.o)
                              Src/vector3.o (acosf)
c:/ac6/systemworkbench/plugins/fr.ac6.mcu.externaltools.arm-none.win32_1.16.0.201807130628/tools/compiler/bin/../lib/gcc/arm-none-eabi/7.2.1/../../../../arm-none-eabi/lib/thumb/v7-m\libm.a(lib_a-wf_asin.o)
                              Src/quaternion.o (asinf)
c:/ac6/systemworkbench/plugins/fr.ac6.mcu.externaltools.arm-none.win32_1.16.0.201807130628/tools/compiler/bin/../lib/gcc/arm-none-eabi/7.2.1/../../../../arm-none-eabi/lib/thumb/v7-m\libm.a(lib_a-wf_atan2.o)
                              Src/quaternion.o (atan2f)
c:/ac6/systemworkbench/plugins/fr.ac6.mcu.externaltools.arm-none.win32_1.16.0.201807130628/tools/compiler/bin/../lib/gcc/arm-none-eabi/7.2.1/../../../../arm-none-eabi/lib/thumb/v7-m\libm.a(lib_a-wf_sqrt.o)
                              Src/quaternion.o (sqrtf)
c:/ac6/systemworkbench/plugins/fr.ac6.mcu.externaltools.arm-none.win32_1.16.0.201807130628/tools/compiler/bin/../lib/gcc/arm-none-eabi/7.2.1/../../../../arm-none-eabi/lib/thumb/v7-m\libm.a(lib_a-e_sqrt.o)
                              c:/ac6/systemworkbench/plugins/fr.ac6.mcu.externaltools.arm-none.win32_1.16.0.201807130628/tools/compiler/bin/../lib/gcc/arm-none-eabi/7.2.1/../../../../arm-none-eabi/lib/thumb/v7-m\libm.a(lib_a-w_sqrt.o) (__ieee754_sqrt)
c:/ac6/systemworkbench/plugins/fr.ac6.mcu.externaltools.arm-none.win32_1.16.0.201807130628/tools/compiler/bin/../lib/gcc/arm-none-eabi/7.2.1/../../../../arm-none-eabi/lib/thumb/v7-m\libm.a(lib_a-ef_acos.o)
                              c:/ac6/systemworkbench/plugins/fr.ac6.mcu.externaltools.arm-none.win32_1.16.0.201807130628/tools/compiler/bin/../lib/gcc/arm-none-eabi/7.2.1/../../../../arm-none-eabi/lib/thumb/v7-m\libm.a(lib_a-wf_acos.o) (__ieee754_acosf)
c:/ac6/systemworkbench/plugins/fr.ac6.mcu.externaltools.arm-none.win32_1.16.0.201807130628/tools/compiler/bin/../lib/gcc/arm-none-eabi/7.2.1/../../../../arm-none-eabi/lib/thumb/v7-m\libm.a(lib_a-ef_asin.o)
                              c:/ac6/systemworkbench/plugins/fr.ac6.mcu.externaltools.arm-none.win32_1.16.0.201807130628/tools/compiler/bin/../lib/gcc/arm-none-eabi/7.2.1/../../../../arm-none-eabi/lib/thumb/v7-m\libm.a(lib_a-wf_asin.o) (__ieee754_asinf)
c:/ac6/systemworkbench/plugins/fr.ac6.mcu.externaltools.arm-none.win32_1.16.0.201807130628/tools/compiler/bin/../lib/gcc/arm-none-eabi/7.2.1/../../../../arm-none-eabi/lib/thumb/v7-m\libm.a(lib_a-ef_atan2.o)
                              c:/ac6/systemworkbench/plugins/fr.ac6.mcu.externaltools.arm-none.win32_1.16.0.201807130628/tools/compiler/bin/../lib/gcc/arm-none-eabi/7.2.1/../../../../arm-none-eabi/lib/thumb/v7-m\libm.a(lib_a-wf_atan2.o) (__ieee754_atan2f)
c:/ac6/systemworkbench/plugins/fr.ac6.mcu.externaltools.arm-none.win32_1.16.0.201807130628/tools/compiler/bin/../lib/gcc/arm-none-eabi/7.2.1/../../../../arm-none-eabi/lib/thumb/v7-m\libm.a(lib_a-ef_rem_pio2.o)
[...]
Memory Configuration

Name             Origin             Length             Attributes
RAM              0x20000000         0x00005000         xrw
FLASH            0x08000000         0x00010000         xr
*default*        0x00000000         0xffffffff

Linker script and memory map

LOAD c:/ac6/systemworkbench/plugins/fr.ac6.mcu.externaltools.arm-none.win32_1.16.0.201807130628/tools/compiler/bin/../lib/gcc/arm-none-eabi/7.2.1/thumb/v7-m/crti.o
LOAD c:/ac6/systemworkbench/plugins/fr.ac6.mcu.externaltools.arm-none.win32_1.16.0.201807130628/tools/compiler/bin/../lib/gcc/arm-none-eabi/7.2.1/thumb/v7-m/crtbegin.o
LOAD c:/ac6/systemworkbench/plugins/fr.ac6.mcu.externaltools.arm-none.win32_1.16.0.201807130628/tools/compiler/bin/../lib/gcc/arm-none-eabi/7.2.1/../../../../arm-none-eabi/lib/thumb/v7-m/crt0.o
LOAD Drivers/STM32F1xx_HAL_Driver/Src/stm32f1xx_hal.o
LOAD Drivers/STM32F1xx_HAL_Driver/Src/stm32f1xx_hal_cortex.o
LOAD Drivers/STM32F1xx_HAL_Driver/Src/stm32f1xx_hal_dma.o
LOAD Drivers/STM32F1xx_HAL_Driver/Src/stm32f1xx_hal_flash.o
LOAD Drivers/STM32F1xx_HAL_Driver/Src/stm32f1xx_hal_flash_ex.o
LOAD Drivers/STM32F1xx_HAL_Driver/Src/stm32f1xx_hal_gpio.o
LOAD Drivers/STM32F1xx_HAL_Driver/Src/stm32f1xx_hal_gpio_ex.o
LOAD Drivers/STM32F1xx_HAL_Driver/Src/stm32f1xx_hal_pwr.o
LOAD Drivers/STM32F1xx_HAL_Driver/Src/stm32f1xx_hal_rcc.o
LOAD Drivers/STM32F1xx_HAL_Driver/Src/stm32f1xx_hal_rcc_ex.o
LOAD Drivers/STM32F1xx_HAL_Driver/Src/stm32f1xx_hal_tim.o
LOAD Drivers/STM32F1xx_HAL_Driver/Src/stm32f1xx_hal_tim_ex.o
LOAD Drivers/STM32F1xx_HAL_Driver/Src/stm32f1xx_hal_uart.o
LOAD Drivers/STM32F1xx_HAL_Driver/Src/stm32f1xx_ll_dma.o
LOAD Drivers/STM32F1xx_HAL_Driver/Src/stm32f1xx_ll_exti.o
LOAD Drivers/STM32F1xx_HAL_Driver/Src/stm32f1xx_ll_gpio.o
LOAD Drivers/STM32F1xx_HAL_Driver/Src/stm32f1xx_ll_i2c.o
LOAD Drivers/STM32F1xx_HAL_Driver/Src/stm32f1xx_ll_rcc.o
LOAD Drivers/STM32F1xx_HAL_Driver/Src/stm32f1xx_ll_utils.o
LOAD Src/main.o
LOAD Src/mpu6050.o
LOAD Src/quaternion.o
LOAD Src/stm32f1xx_hal_msp.o
LOAD Src/stm32f1xx_it.o
LOAD Src/system_stm32f1xx.o
LOAD Src/vector3.o
LOAD startup/startup_stm32f103xb.o
LOAD c:/ac6/systemworkbench/plugins/fr.ac6.mcu.externaltools.arm-none.win32_1.16.0.201807130628/tools/compiler/bin/../lib/gcc/arm-none-eabi/7.2.1/../../../../arm-none-eabi/lib/thumb/v7-m\libm.a
START GROUP
LOAD c:/ac6/systemworkbench/plugins/fr.ac6.mcu.externaltools.arm-none.win32_1.16.0.201807130628/tools/compiler/bin/../lib/gcc/arm-none-eabi/7.2.1/thumb/v7-m\libgcc.a
LOAD c:/ac6/systemworkbench/plugins/fr.ac6.mcu.externaltools.arm-none.win32_1.16.0.201807130628/tools/compiler/bin/../lib/gcc/arm-none-eabi/7.2.1/../../../../arm-none-eabi/lib/thumb/v7-m\libc_nano.a
END GROUP
START GROUP
LOAD c:/ac6/systemworkbench/plugins/fr.ac6.mcu.externaltools.arm-none.win32_1.16.0.201807130628/tools/compiler/bin/../lib/gcc/arm-none-eabi/7.2.1/thumb/v7-m\libgcc.a
LOAD c:/ac6/systemworkbench/plugins/fr.ac6.mcu.externaltools.arm-none.win32_1.16.0.201807130628/tools/compiler/bin/../lib/gcc/arm-none-eabi/7.2.1/../../../../arm-none-eabi/lib/thumb/v7-m\libc_nano.a
LOAD c:/ac6/systemworkbench/plugins/fr.ac6.mcu.externaltools.arm-none.win32_1.16.0.201807130628/tools/compiler/bin/../lib/gcc/arm-none-eabi/7.2.1/../../../../arm-none-eabi/lib/thumb/v7-m\libnosys.a
END GROUP
START GROUP
LOAD c:/ac6/systemworkbench/plugins/fr.ac6.mcu.externaltools.arm-none.win32_1.16.0.201807130628/tools/compiler/bin/../lib/gcc/arm-none-eabi/7.2.1/thumb/v7-m\libgcc.a
LOAD c:/ac6/systemworkbench/plugins/fr.ac6.mcu.externaltools.arm-none.win32_1.16.0.201807130628/tools/compiler/bin/../lib/gcc/arm-none-eabi/7.2.1/../../../../arm-none-eabi/lib/thumb/v7-m\libc_nano.a
LOAD c:/ac6/systemworkbench/plugins/fr.ac6.mcu.externaltools.arm-none.win32_1.16.0.201807130628/tools/compiler/bin/../lib/gcc/arm-none-eabi/7.2.1/../../../../arm-none-eabi/lib/thumb/v7-m\libnosys.a
END GROUP
LOAD c:/ac6/systemworkbench/plugins/fr.ac6.mcu.externaltools.arm-none.win32_1.16.0.201807130628/tools/compiler/bin/../lib/gcc/arm-none-eabi/7.2.1/thumb/v7-m/crtend.o
LOAD c:/ac6/systemworkbench/plugins/fr.ac6.mcu.externaltools.arm-none.win32_1.16.0.201807130628/tools/compiler/bin/../lib/gcc/arm-none-eabi/7.2.1/thumb/v7-m/crtn.o
                0x20005000                _estack = 0x20005000
                0x00000200                _Min_Heap_Size = 0x200
                0x00000400                _Min_Stack_Size = 0x400

.isr_vector     0x08000000      0x10c
                0x08000000                . = ALIGN (0x4)
 *(.isr_vector)
 .isr_vector    0x08000000      0x10c startup/startup_stm32f103xb.o
                0x08000000                g_pfnVectors
                0x0800010c                . = ALIGN (0x4)

.text           0x08000110     0x5d54
                0x08000110                . = ALIGN (0x4)
 *(.text)
 .text          0x08000110       0x40 c:/ac6/systemworkbench/plugins/fr.ac6.mcu.externaltools.arm-none.win32_1.16.0.201807130628/tools/compiler/bin/../lib/gcc/arm-none-eabi/7.2.1/thumb/v7-m/crtbegin.o
 .text          0x08000150      0x378 c:/ac6/systemworkbench/plugins/fr.ac6.mcu.externaltools.arm-none.win32_1.16.0.201807130628/tools/compiler/bin/../lib/gcc/arm-none-eabi/7.2.1/thumb/v7-m\libgcc.a(_arm_addsubdf3.o)
                0x08000150                __aeabi_drsub
                0x08000158                __aeabi_dsub
                0x08000158                __subdf3
                0x0800015c                __aeabi_dadd
                0x0800015c                __adddf3
                0x080003d4                __floatunsidf
                0x080003d4                __aeabi_ui2d
                0x080003f4                __floatsidf
                0x080003f4                __aeabi_i2d
                0x08000418                __aeabi_f2d
                0x08000418                __extendsfdf2
                0x0800045c                __floatundidf
                0x0800045c                __aeabi_ul2d
                0x0800046c                __floatdidf
                0x0800046c                __aeabi_l2d
 .text          0x080004c8      0x424 c:/ac6/systemworkbench/plugins/fr.ac6.mcu.externaltools.arm-none.win32_1.16.0.201807130628/tools/compiler/bin/../lib/gcc/arm-none-eabi/7.2.1/thumb/v7-m\libgcc.a(_arm_muldivdf3.o)
                0x080004c8                __aeabi_dmul
                0x080004c8                __muldf3
                0x0800071c                __divdf3
                0x0800071c                __aeabi_ddiv
 .text          0x080008ec      0x110 c:/ac6/systemworkbench/plugins/fr.ac6.mcu.externaltools.arm-none.win32_1.16.0.201807130628/tools/compiler/bin/../lib/gcc/arm-none-eabi/7.2.1/thumb/v7-m\libgcc.a(_arm_cmpdf2.o)
                0x080008ec                __gtdf2
                0x080008ec                __gedf2
                0x080008f4                __ltdf2
                0x080008f4                __ledf2
                0x080008fc                __nedf2
                0x080008fc                __eqdf2
                0x080008fc                __cmpdf2
                0x08000978                __aeabi_cdrcmple
                0x08000988                __aeabi_cdcmpeq
                0x08000988                __aeabi_cdcmple
                0x08000998                __aeabi_dcmpeq
                0x080009ac                __aeabi_dcmplt
                0x080009c0                __aeabi_dcmple
                0x080009d4                __aeabi_dcmpge
                0x080009e8                __aeabi_dcmpgt
 .text          0x080009fc       0x2c c:/ac6/systemworkbench/plugins/fr.ac6.mcu.externaltools.arm-none.win32_1.16.0.201807130628/tools/compiler/bin/../lib/gcc/arm-none-eabi/7.2.1/thumb/v7-m\libgcc.a(_arm_unorddf2.o)
                0x080009fc                __unorddf2
                0x080009fc                __aeabi_dcmpun
 .text          0x08000a28       0xa0 c:/ac6/systemworkbench/plugins/fr.ac6.mcu.externaltools.arm-none.win32_1.16.0.201807130628/tools/compiler/bin/../lib/gcc/arm-none-eabi/7.2.1/thumb/v7-m\libgcc.a(_arm_truncdfsf2.o)
                0x08000a28                __truncdfsf2
                0x08000a28                __aeabi_d2f
 .text          0x08000ac8      0x21c c:/ac6/systemworkbench/plugins/fr.ac6.mcu.externaltools.arm-none.win32_1.16.0.201807130628/tools/compiler/bin/../lib/gcc/arm-none-eabi/7.2.1/thumb/v7-m\libgcc.a(_arm_addsubsf3.o)
                0x08000ac8                __aeabi_frsub
                0x08000ad0                __subsf3
                0x08000ad0                __aeabi_fsub
                0x08000ad4                __aeabi_fadd
                0x08000ad4                __addsf3
                0x08000c34                __aeabi_ui2f
                0x08000c34                __floatunsisf
                0x08000c3c                __aeabi_i2f
                0x08000c3c                __floatsisf
                0x08000c58                __aeabi_ul2f
                0x08000c58                __floatundisf
                0x08000c68                __aeabi_l2f
                0x08000c68                __floatdisf
 .text          0x08000ce4      0x2a0 c:/ac6/systemworkbench/plugins/fr.ac6.mcu.externaltools.arm-none.win32_1.16.0.201807130628/tools/compiler/bin/../lib/gcc/arm-none-eabi/7.2.1/thumb/v7-m\libgcc.a(_arm_muldivsf3.o)
                0x08000ce4                __mulsf3
                0x08000ce4                __aeabi_fmul
                0x08000e4c                __aeabi_fdiv
                0x08000e4c                __divsf3
 .text          0x08000f84       0x10 c:/ac6/systemworkbench/plugins/fr.ac6.mcu.externaltools.arm-none.win32_1.16.0.201807130628/tools/compiler/bin/../lib/gcc/arm-none-eabi/7.2.1/../../../../arm-none-eabi/lib/thumb/v7-m\libc_nano.a(lib_a-strlen.o)
                0x08000f84                strlen
 .text          0x08000f94       0x50 c:/ac6/systemworkbench/plugins/fr.ac6.mcu.externaltools.arm-none.win32_1.16.0.201807130628/tools/compiler/bin/../lib/gcc/arm-none-eabi/7.2.1/thumb/v7-m\libgcc.a(_arm_fixdfsi.o)
                0x08000f94                __aeabi_d2iz
                0x08000f94                __fixdfsi
 *(.text*)
 .text.HAL_Init
                0x08000fe4       0x2c Drivers/STM32F1xx_HAL_Driver/Src/stm32f1xx_hal.o
                0x08000fe4                HAL_Init
 .text.HAL_InitTick
                0x08001010       0x60 Drivers/STM32F1xx_HAL_Driver/Src/stm32f1xx_hal.o
                0x08001010                HAL_InitTick
 .text.HAL_IncTick
                0x08001070       0x24 Drivers/STM32F1xx_HAL_Driver/Src/stm32f1xx_hal.o
                0x08001070                HAL_IncTick
 .text.HAL_GetTick
                0x08001094       0x14 Drivers/STM32F1xx_HAL_Driver/Src/stm32f1xx_hal.o
                0x08001094                HAL_GetTick
 .text.NVIC_SetPriorityGrouping
                0x080010a8       0x48 Drivers/STM32F1xx_HAL_Driver/Src/stm32f1xx_hal_cortex.o
 .text.NVIC_GetPriorityGrouping
                0x080010f0       0x1c Drivers/STM32F1xx_HAL_Driver/Src/stm32f1xx_hal_cortex.o
 .text.NVIC_SetPriority
                0x0800110c       0x54 Drivers/STM32F1xx_HAL_Driver/Src/stm32f1xx_hal_cortex.o
 .text.NVIC_EncodePriority
                0x08001160       0x64 Drivers/STM32F1xx_HAL_Driver/Src/stm32f1xx_hal_cortex.o
 .text.SysTick_Config
                0x080011c4       0x44 Drivers/STM32F1xx_HAL_Driver/Src/stm32f1xx_hal_cortex.o
 .text.HAL_NVIC_SetPriorityGrouping
                0x08001208       0x16 Drivers/STM32F1xx_HAL_Driver/Src/stm32f1xx_hal_cortex.o
                0x08001208                HAL_NVIC_SetPriorityGrouping
 .text.HAL_NVIC_SetPriority
                0x0800121e       0x38 Drivers/STM32F1xx_HAL_Driver/Src/stm32f1xx_hal_cortex.o
                0x0800121e                HAL_NVIC_SetPriority
 .text.HAL_SYSTICK_Config
                0x08001256       0x18 Drivers/STM32F1xx_HAL_Driver/Src/stm32f1xx_hal_cortex.o
                0x08001256                HAL_SYSTICK_Config
 *fill*         0x0800126e        0x2 
 .text.HAL_GPIO_Init
                0x08001270      0x2bc Drivers/STM32F1xx_HAL_Driver/Src/stm32f1xx_hal_gpio.o
                0x08001270                HAL_GPIO_Init
 .text.HAL_RCC_GetHCLKFreq
                0x0800152c       0x14 Drivers/STM32F1xx_HAL_Driver/Src/stm32f1xx_hal_rcc.o
                0x0800152c                HAL_RCC_GetHCLKFreq
 .text.HAL_RCC_GetPCLK1Freq
                0x08001540       0x28 Drivers/STM32F1xx_HAL_Driver/Src/stm32f1xx_hal_rcc.o
                0x08001540                HAL_RCC_GetPCLK1Freq
 .text.HAL_RCC_GetPCLK2Freq
                0x08001568       0x28 Drivers/STM32F1xx_HAL_Driver/Src/stm32f1xx_hal_rcc.o
                0x08001568                HAL_RCC_GetPCLK2Freq
 .text.HAL_UART_Init
                0x08001590       0x9a Drivers/STM32F1xx_HAL_Driver/Src/stm32f1xx_hal_uart.o
                0x08001590                HAL_UART_Init
 .text.HAL_UART_Transmit
                0x0800162a      0x132 Drivers/STM32F1xx_HAL_Driver/Src/stm32f1xx_hal_uart.o
                0x0800162a                HAL_UART_Transmit
 .text.UART_WaitOnFlagUntilTimeout
                0x0800175c       0x94 Drivers/STM32F1xx_HAL_Driver/Src/stm32f1xx_hal_uart.o
 .text.UART_SetConfig
                0x080017f0      0x230 Drivers/STM32F1xx_HAL_Driver/Src/stm32f1xx_hal_uart.o
 .text.LL_EXTI_EnableIT_0_31
                0x08001a20       0x24 Drivers/STM32F1xx_HAL_Driver/Src/stm32f1xx_ll_exti.o
 .text.LL_EXTI_DisableIT_0_31
                0x08001a44       0x24 Drivers/STM32F1xx_HAL_Driver/Src/stm32f1xx_ll_exti.o
 .text.LL_EXTI_EnableEvent_0_31
                0x08001a68       0x24 Drivers/STM32F1xx_HAL_Driver/Src/stm32f1xx_ll_exti.o
 .text.LL_EXTI_DisableEvent_0_31
                0x08001a8c       0x24 Drivers/STM32F1xx_HAL_Driver/Src/stm32f1xx_ll_exti.o
 .text.LL_EXTI_EnableRisingTrig_0_31
                0x08001ab0       0x24 Drivers/STM32F1xx_HAL_Driver/Src/stm32f1xx_ll_exti.o
 .text.LL_EXTI_DisableRisingTrig_0_31
                0x08001ad4       0x24 Drivers/STM32F1xx_HAL_Driver/Src/stm32f1xx_ll_exti.o
 .text.LL_EXTI_EnableFallingTrig_0_31
                0x08001af8       0x24 Drivers/STM32F1xx_HAL_Driver/Src/stm32f1xx_ll_exti.o
 .text.LL_EXTI_DisableFallingTrig_0_31
                0x08001b1c       0x24 Drivers/STM32F1xx_HAL_Driver/Src/stm32f1xx_ll_exti.o
 .text.LL_EXTI_Init
                0x08001b40       0xf8 Drivers/STM32F1xx_HAL_Driver/Src/stm32f1xx_ll_exti.o
                0x08001b40                LL_EXTI_Init
 .text.LL_GPIO_SetPinMode
                0x08001c38       0x60 Drivers/STM32F1xx_HAL_Driver/Src/stm32f1xx_ll_gpio.o
 .text.LL_GPIO_SetPinSpeed
                0x08001c98       0x60 Drivers/STM32F1xx_HAL_Driver/Src/stm32f1xx_ll_gpio.o
 .text.LL_GPIO_SetPinOutputType
                0x08001cf8       0x60 Drivers/STM32F1xx_HAL_Driver/Src/stm32f1xx_ll_gpio.o
 .text.LL_GPIO_SetPinPull
                0x08001d58       0x42 Drivers/STM32F1xx_HAL_Driver/Src/stm32f1xx_ll_gpio.o
 .text.LL_GPIO_Init
                0x08001d9a       0xc2 Drivers/STM32F1xx_HAL_Driver/Src/stm32f1xx_ll_gpio.o
                0x08001d9a                LL_GPIO_Init
 .text.LL_I2C_Enable
                0x08001e5c       0x1e Drivers/STM32F1xx_HAL_Driver/Src/stm32f1xx_ll_i2c.o
 .text.LL_I2C_Disable
                0x08001e7a       0x1e Drivers/STM32F1xx_HAL_Driver/Src/stm32f1xx_ll_i2c.o
 .text.LL_I2C_SetOwnAddress1
                0x08001e98       0x2e Drivers/STM32F1xx_HAL_Driver/Src/stm32f1xx_ll_i2c.o
 *fill*         0x08001ec6        0x2 
 .text.LL_I2C_ConfigSpeed
                0x08001ec8      0x120 Drivers/STM32F1xx_HAL_Driver/Src/stm32f1xx_ll_i2c.o
 .text.LL_I2C_SetMode
                0x08001fe8       0x24 Drivers/STM32F1xx_HAL_Driver/Src/stm32f1xx_ll_i2c.o
 .text.LL_I2C_AcknowledgeNextData
                0x0800200c       0x24 Drivers/STM32F1xx_HAL_Driver/Src/stm32f1xx_ll_i2c.o
 .text.LL_I2C_Init
                0x08002030       0x62 Drivers/STM32F1xx_HAL_Driver/Src/stm32f1xx_ll_i2c.o
                0x08002030                LL_I2C_Init
 *fill*         0x08002092        0x2 
 .text.LL_RCC_GetSysClkSource
                0x08002094       0x18 Drivers/STM32F1xx_HAL_Driver/Src/stm32f1xx_ll_rcc.o
 .text.LL_RCC_GetAHBPrescaler
                0x080020ac       0x18 Drivers/STM32F1xx_HAL_Driver/Src/stm32f1xx_ll_rcc.o
 .text.LL_RCC_GetAPB1Prescaler
                0x080020c4       0x18 Drivers/STM32F1xx_HAL_Driver/Src/stm32f1xx_ll_rcc.o
 .text.LL_RCC_GetAPB2Prescaler
                0x080020dc       0x18 Drivers/STM32F1xx_HAL_Driver/Src/stm32f1xx_ll_rcc.o
 .text.LL_RCC_PLL_GetMainSource
                0x080020f4       0x18 Drivers/STM32F1xx_HAL_Driver/Src/stm32f1xx_ll_rcc.o
 .text.LL_RCC_PLL_GetMultiplicator
                0x0800210c       0x18 Drivers/STM32F1xx_HAL_Driver/Src/stm32f1xx_ll_rcc.o
 .text.LL_RCC_PLL_GetPrediv
                0x08002124       0x1c Drivers/STM32F1xx_HAL_Driver/Src/stm32f1xx_ll_rcc.o
 .text.LL_RCC_GetSystemClocksFreq
                0x08002140       0x4a Drivers/STM32F1xx_HAL_Driver/Src/stm32f1xx_ll_rcc.o
                0x08002140                LL_RCC_GetSystemClocksFreq
 *fill*         0x0800218a        0x2 
 .text.RCC_GetSystemClockFreq
                0x0800218c       0x44 Drivers/STM32F1xx_HAL_Driver/Src/stm32f1xx_ll_rcc.o
                0x0800218c                RCC_GetSystemClockFreq
 .text.RCC_GetHCLKClockFreq
                0x080021d0       0x2c Drivers/STM32F1xx_HAL_Driver/Src/stm32f1xx_ll_rcc.o
                0x080021d0                RCC_GetHCLKClockFreq
 .text.RCC_GetPCLK1ClockFreq
                0x080021fc       0x28 Drivers/STM32F1xx_HAL_Driver/Src/stm32f1xx_ll_rcc.o
                0x080021fc                RCC_GetPCLK1ClockFreq
 .text.RCC_GetPCLK2ClockFreq
                0x08002224       0x28 Drivers/STM32F1xx_HAL_Driver/Src/stm32f1xx_ll_rcc.o
                0x08002224                RCC_GetPCLK2ClockFreq
 .text.RCC_PLL_GetFreqDomain_SYS
                0x0800224c       0x60 Drivers/STM32F1xx_HAL_Driver/Src/stm32f1xx_ll_rcc.o
                0x0800224c                RCC_PLL_GetFreqDomain_SYS
 .text.LL_InitTick
                0x080022ac       0x34 Drivers/STM32F1xx_HAL_Driver/Src/stm32f1xx_ll_utils.o
 .text.LL_Init1msTick
                0x080022e0       0x1a Drivers/STM32F1xx_HAL_Driver/Src/stm32f1xx_ll_utils.o
                0x080022e0                LL_Init1msTick
 *fill*         0x080022fa        0x2 
 .text.LL_mDelay
                0x080022fc       0x48 Drivers/STM32F1xx_HAL_Driver/Src/stm32f1xx_ll_utils.o
                0x080022fc                LL_mDelay
 .text.LL_SetSystemCoreClock
                0x08002344       0x1c Drivers/STM32F1xx_HAL_Driver/Src/stm32f1xx_ll_utils.o
                0x08002344                LL_SetSystemCoreClock
 .text.NVIC_GetPriorityGrouping
                0x08002360       0x1c Src/main.o
 .text.NVIC_EnableIRQ
                0x0800237c       0x30 Src/main.o
 .text.NVIC_SetPriority
                0x080023ac       0x54 Src/main.o
 .text.NVIC_EncodePriority
                0x08002400       0x64 Src/main.o
 .text.LL_DMA_SetDataTransferDirection
                0x08002464       0x48 Src/main.o
 .text.LL_DMA_SetMode
                0x080024ac       0x44 Src/main.o
 .text.LL_DMA_SetPeriphIncMode
                0x080024f0       0x44 Src/main.o
 .text.LL_DMA_SetMemoryIncMode
                0x08002534       0x44 Src/main.o
 .text.LL_DMA_SetPeriphSize
                0x08002578       0x44 Src/main.o
 .text.LL_DMA_SetMemorySize
                0x080025bc       0x44 Src/main.o
 .text.LL_DMA_SetChannelPriorityLevel
                0x08002600       0x44 Src/main.o
 .text.LL_I2C_EnableClockStretching
                0x08002644       0x1e Src/main.o
 .text.LL_I2C_DisableGeneralCall
                0x08002662       0x1e Src/main.o
 .text.LL_I2C_SetOwnAddress2
                0x08002680       0x24 Src/main.o
 .text.LL_I2C_DisableOwnAddress2
                0x080026a4       0x1e Src/main.o
 *fill*         0x080026c2        0x2 
 .text.LL_RCC_HSE_Enable
                0x080026c4       0x1c Src/main.o
 .text.LL_RCC_HSE_IsReady
                0x080026e0       0x24 Src/main.o
 .text.LL_RCC_SetSysClkSource
                0x08002704       0x28 Src/main.o
 .text.LL_RCC_GetSysClkSource
                0x0800272c       0x18 Src/main.o
 .text.LL_RCC_SetAHBPrescaler
                0x08002744       0x28 Src/main.o
 .text.LL_RCC_SetAPB1Prescaler
                0x0800276c       0x28 Src/main.o
 .text.LL_RCC_SetAPB2Prescaler
                0x08002794       0x28 Src/main.o
 .text.LL_RCC_PLL_Enable
                0x080027bc       0x1c Src/main.o
 .text.LL_RCC_PLL_IsReady
                0x080027d8       0x24 Src/main.o
 .text.LL_RCC_PLL_ConfigDomain_SYS
                0x080027fc       0x30 Src/main.o
 .text.LL_AHB1_GRP1_EnableClock
                0x0800282c       0x30 Src/main.o
 .text.LL_APB1_GRP1_EnableClock
                0x0800285c       0x30 Src/main.o
 .text.LL_APB2_GRP1_EnableClock
                0x0800288c       0x30 Src/main.o
 .text.LL_FLASH_SetLatency
                0x080028bc       0x28 Src/main.o
 .text.LL_FLASH_GetLatency
                0x080028e4       0x18 Src/main.o
 .text.LL_SYSTICK_SetClkSource
                0x080028fc       0x38 Src/main.o
 .text.LL_GPIO_SetPinMode
                0x08002934       0x60 Src/main.o
 .text.LL_GPIO_SetPinPull
                0x08002994       0x42 Src/main.o
 *fill*         0x080029d6        0x2 
 .text.LL_GPIO_AF_SetEXTISource
                0x080029d8       0x54 Src/main.o
 .text.uart_print_str
                0x08002a2c       0x2c Src/main.o
                0x08002a2c                uart_print_str
 .text.uart_print_int
                0x08002a58       0x3c Src/main.o
                0x08002a58                uart_print_int
 .text.shutdown
                0x08002a94       0x10 Src/main.o
                0x08002a94                shutdown
 .text.main     0x08002aa4      0x134 Src/main.o
                0x08002aa4                main
 .text.SystemClock_Config
                0x08002bd8       0x84 Src/main.o
                0x08002bd8                SystemClock_Config
 .text.MX_I2C1_Init
                0x08002c5c       0xf0 Src/main.o
 .text.MX_USART1_UART_Init
                0x08002d4c       0x54 Src/main.o
 .text.MX_DMA_Init
                0x08002da0       0x2e Src/main.o
 *fill*         0x08002dce        0x2 
 .text.MX_GPIO_Init
                0x08002dd0       0x8c Src/main.o
 .text.Error_Handler
                0x08002e5c        0xc Src/main.o
                0x08002e5c                Error_Handler
 .text.LL_I2C_Enable
                0x08002e68       0x1e Src/mpu6050.o
 .text.LL_I2C_IsActiveFlag_TXE
                0x08002e86       0x24 Src/mpu6050.o
 .text.LL_I2C_IsActiveFlag_BTF
                0x08002eaa       0x24 Src/mpu6050.o
 .text.LL_I2C_IsActiveFlag_RXNE
                0x08002ece       0x24 Src/mpu6050.o
 .text.LL_I2C_IsActiveFlag_SB
                0x08002ef2       0x24 Src/mpu6050.o
 .text.LL_I2C_IsActiveFlag_ADDR
                0x08002f16       0x24 Src/mpu6050.o
 .text.LL_I2C_ClearFlag_ADDR
                0x08002f3a       0x22 Src/mpu6050.o
 .text.LL_I2C_AcknowledgeNextData
                0x08002f5c       0x24 Src/mpu6050.o
 .text.LL_I2C_GenerateStartCondition
                0x08002f80       0x1e Src/mpu6050.o
 .text.LL_I2C_GenerateStopCondition
                0x08002f9e       0x1e Src/mpu6050.o
 .text.LL_I2C_EnableBitPOS
                0x08002fbc       0x1e Src/mpu6050.o
 .text.LL_I2C_DisableBitPOS
                0x08002fda       0x1e Src/mpu6050.o
 .text.LL_I2C_ReceiveData8
                0x08002ff8       0x18 Src/mpu6050.o
 .text.LL_I2C_TransmitData8
                0x08003010       0x26 Src/mpu6050.o
 *fill*         0x08003036        0x2 
 .text.LL_SYSTICK_IsActiveCounterFlag
                0x08003038       0x24 Src/mpu6050.o
 .text._MPU6050_I2C_WaitForFlag
                0x0800305c       0x3c Src/mpu6050.o
                0x0800305c                _MPU6050_I2C_WaitForFlag
 .text._MPU6050_Write
                0x08003098      0x114 Src/mpu6050.o
                0x08003098                _MPU6050_Write
 .text._MPU6050_Read
                0x080031ac      0x274 Src/mpu6050.o
                0x080031ac                _MPU6050_Read
 .text.MPU6050_Write
                0x08003420       0x4c Src/mpu6050.o
                0x08003420                MPU6050_Write
 .text.MPU6050_Read
                0x0800346c       0x4c Src/mpu6050.o
                0x0800346c                MPU6050_Read
 .text.mpu6050_get_status
                0x080034b8       0x16 Src/mpu6050.o
                0x080034b8                mpu6050_get_status
 .text.mpu6050_reset_state
                0x080034ce       0x18 Src/mpu6050.o
                0x080034ce                mpu6050_reset_state
 .text.mpu6050_init
                0x080034e6      0x100 Src/mpu6050.o
                0x080034e6                mpu6050_init
 .text.mpu6050_start
                0x080035e6       0x2e Src/mpu6050.o
                0x080035e6                mpu6050_start
 .text.mpu6050_set_sample_rate
                0x08003614       0x42 Src/mpu6050.o
                0x08003614                mpu6050_set_sample_rate
 .text.mpu6050_set_interrupt
                0x08003656       0x32 Src/mpu6050.o
                0x08003656                mpu6050_set_interrupt
 .text.mpu6050_set_accelerometer
                0x08003688       0x9a Src/mpu6050.o
                0x08003688                mpu6050_set_accelerometer
 .text.mpu6050_set_gyroscope
                0x08003722       0x9a Src/mpu6050.o
                0x08003722                mpu6050_set_gyroscope
 .text.mpu6050_set_dlpf
                0x080037bc       0x9e Src/mpu6050.o
                0x080037bc                mpu6050_set_dlpf
 .text._mpu6050_read_all_raw
                0x0800385a       0xde Src/mpu6050.o
                0x0800385a                _mpu6050_read_all_raw
 .text.mpu6050_read_all
                0x08003938      0x10c Src/mpu6050.o
                0x08003938                mpu6050_read_all
 *fill*         0x08003a44        0x4 
 .text.mpu6050_calculate_temp
                0x08003a48       0x44 Src/mpu6050.o
                0x08003a48                mpu6050_calculate_temp
 .text.mpu6050_get_accel_sens
                0x08003a8c       0x2c Src/mpu6050.o
                0x08003a8c                mpu6050_get_accel_sens
 .text.mpu6050_get_gyro_sens
                0x08003ab8       0x2c Src/mpu6050.o
                0x08003ab8                mpu6050_get_gyro_sens
 .text.HAL_MspInit
                0x08003ae4       0x64 Src/stm32f1xx_hal_msp.o
                0x08003ae4                HAL_MspInit
 .text.HAL_UART_MspInit
                0x08003b48       0x98 Src/stm32f1xx_hal_msp.o
                0x08003b48                HAL_UART_MspInit
 .text.LL_EXTI_IsActiveFlag_0_31
                0x08003be0       0x2c Src/stm32f1xx_it.o
 .text.LL_EXTI_ClearFlag_0_31
                0x08003c0c       0x1c Src/stm32f1xx_it.o
 .text.NMI_Handler
                0x08003c28        0xc Src/stm32f1xx_it.o
                0x08003c28                NMI_Handler
 .text.HardFault_Handler
                0x08003c34        0x6 Src/stm32f1xx_it.o
                0x08003c34                HardFault_Handler
 .text.MemManage_Handler
                0x08003c3a        0x6 Src/stm32f1xx_it.o
                0x08003c3a                MemManage_Handler
 .text.BusFault_Handler
                0x08003c40        0x6 Src/stm32f1xx_it.o
                0x08003c40                BusFault_Handler
 .text.UsageFault_Handler
                0x08003c46        0x6 Src/stm32f1xx_it.o
                0x08003c46                UsageFault_Handler
 .text.SVC_Handler
                0x08003c4c        0xc Src/stm32f1xx_it.o
                0x08003c4c                SVC_Handler
 .text.DebugMon_Handler
                0x08003c58        0xc Src/stm32f1xx_it.o
                0x08003c58                DebugMon_Handler
 .text.PendSV_Handler
                0x08003c64        0xc Src/stm32f1xx_it.o
                0x08003c64                PendSV_Handler
 .text.SysTick_Handler
                0x08003c70        0xc Src/stm32f1xx_it.o
                0x08003c70                SysTick_Handler
 .text.EXTI0_IRQHandler
                0x08003c7c       0x24 Src/stm32f1xx_it.o
                0x08003c7c                EXTI0_IRQHandler
 .text.DMA1_Channel7_IRQHandler
                0x08003ca0        0xc Src/stm32f1xx_it.o
                0x08003ca0                DMA1_Channel7_IRQHandler
 .text.SystemInit
                0x08003cac       0x68 Src/system_stm32f1xx.o
                0x08003cac                SystemInit
 .text.Reset_Handler
                0x08003d14       0x48 startup/startup_stm32f103xb.o
                0x08003d14                Reset_Handler
 .text.Default_Handler
                0x08003d5c        0x2 startup/startup_stm32f103xb.o
                0x08003d5c                RTC_Alarm_IRQHandler
                0x08003d5c                EXTI2_IRQHandler
                0x08003d5c                TIM1_CC_IRQHandler
                0x08003d5c                PVD_IRQHandler
                0x08003d5c                EXTI3_IRQHandler
                0x08003d5c                I2C2_EV_IRQHandler
                0x08003d5c                ADC1_2_IRQHandler
                0x08003d5c                SPI1_IRQHandler
                0x08003d5c                TAMPER_IRQHandler
                0x08003d5c                DMA1_Channel4_IRQHandler
                0x08003d5c                USART3_IRQHandler
                0x08003d5c                RTC_IRQHandler
                0x08003d5c                CAN1_RX1_IRQHandler
                0x08003d5c                TIM4_IRQHandler
                0x08003d5c                I2C1_EV_IRQHandler
                0x08003d5c                DMA1_Channel6_IRQHandler
                0x08003d5c                TIM3_IRQHandler
                0x08003d5c                RCC_IRQHandler
                0x08003d5c                TIM1_TRG_COM_IRQHandler
                0x08003d5c                DMA1_Channel1_IRQHandler
                0x08003d5c                Default_Handler
                0x08003d5c                EXTI15_10_IRQHandler
                0x08003d5c                EXTI9_5_IRQHandler
                0x08003d5c                SPI2_IRQHandler
                0x08003d5c                DMA1_Channel5_IRQHandler
                0x08003d5c                EXTI4_IRQHandler
                0x08003d5c                USB_LP_CAN1_RX0_IRQHandler
                0x08003d5c                USB_HP_CAN1_TX_IRQHandler
                0x08003d5c                DMA1_Channel3_IRQHandler
                0x08003d5c                TIM1_UP_IRQHandler
                0x08003d5c                WWDG_IRQHandler
                0x08003d5c                TIM2_IRQHandler
                0x08003d5c                TIM1_BRK_IRQHandler
                0x08003d5c                EXTI1_IRQHandler
                0x08003d5c                USART2_IRQHandler
                0x08003d5c                I2C2_ER_IRQHandler
                0x08003d5c                DMA1_Channel2_IRQHandler
                0x08003d5c                CAN1_SCE_IRQHandler
                0x08003d5c                FLASH_IRQHandler
                0x08003d5c                USART1_IRQHandler
                0x08003d5c                I2C1_ER_IRQHandler
                0x08003d5c                USBWakeUp_IRQHandler
 *fill*         0x08003d5e        0x2 
 .text.__libc_init_array
                0x08003d60       0x48 c:/ac6/systemworkbench/plugins/fr.ac6.mcu.externaltools.arm-none.win32_1.16.0.201807130628/tools/compiler/bin/../lib/gcc/arm-none-eabi/7.2.1/../../../../arm-none-eabi/lib/thumb/v7-m\libc_nano.a(lib_a-init.o)
                0x08003d60                __libc_init_array
 .text.memset   0x08003da8       0x10 c:/ac6/systemworkbench/plugins/fr.ac6.mcu.externaltools.arm-none.win32_1.16.0.201807130628/tools/compiler/bin/../lib/gcc/arm-none-eabi/7.2.1/../../../../arm-none-eabi/lib/thumb/v7-m\libc_nano.a(lib_a-memset.o)
                0x08003da8                memset
 .text.__cvt    0x08003db8       0xb8 c:/ac6/systemworkbench/plugins/fr.ac6.mcu.externaltools.arm-none.win32_1.16.0.201807130628/tools/compiler/bin/../lib/gcc/arm-none-eabi/7.2.1/../../../../arm-none-eabi/lib/thumb/v7-m\libc_nano.a(lib_a-nano-vfprintf_float.o)
                0x08003db8                __cvt
 .text.__exponent
                0x08003e70       0x6a c:/ac6/systemworkbench/plugins/fr.ac6.mcu.externaltools.arm-none.win32_1.16.0.201807130628/tools/compiler/bin/../lib/gcc/arm-none-eabi/7.2.1/../../../../arm-none-eabi/lib/thumb/v7-m\libc_nano.a(lib_a-nano-vfprintf_float.o)
                0x08003e70                __exponent
 *fill*         0x08003eda        0x2 
 .text._printf_float
                0x08003edc      0x46c c:/ac6/systemworkbench/plugins/fr.ac6.mcu.externaltools.arm-none.win32_1.16.0.201807130628/tools/compiler/bin/../lib/gcc/arm-none-eabi/7.2.1/../../../../arm-none-eabi/lib/thumb/v7-m\libc_nano.a(lib_a-nano-vfprintf_float.o)
                0x08003edc                _printf_float
 .text._printf_common
                0x08004348       0xec c:/ac6/systemworkbench/plugins/fr.ac6.mcu.externaltools.arm-none.win32_1.16.0.201807130628/tools/compiler/bin/../lib/gcc/arm-none-eabi/7.2.1/../../../../arm-none-eabi/lib/thumb/v7-m\libc_nano.a(lib_a-nano-vfprintf_i.o)
                0x08004348                _printf_common
 .text._printf_i
                0x08004434      0x224 c:/ac6/systemworkbench/plugins/fr.ac6.mcu.externaltools.arm-none.win32_1.16.0.201807130628/tools/compiler/bin/../lib/gcc/arm-none-eabi/7.2.1/../../../../arm-none-eabi/lib/thumb/v7-m\libc_nano.a(lib_a-nano-vfprintf_i.o)
                0x08004434                _printf_i
 .text.sprintf  0x08004658       0x40 c:/ac6/systemworkbench/plugins/fr.ac6.mcu.externaltools.arm-none.win32_1.16.0.201807130628/tools/compiler/bin/../lib/gcc/arm-none-eabi/7.2.1/../../../../arm-none-eabi/lib/thumb/v7-m\libc_nano.a(lib_a-sprintf.o)
                0x08004658                siprintf
                0x08004658                sprintf
 .text.quorem   0x08004698      0x11c c:/ac6/systemworkbench/plugins/fr.ac6.mcu.externaltools.arm-none.win32_1.16.0.201807130628/tools/compiler/bin/../lib/gcc/arm-none-eabi/7.2.1/../../../../arm-none-eabi/lib/thumb/v7-m\libc_nano.a(lib_a-dtoa.o)
 *fill*         0x080047b4        0x4 
 .text._dtoa_r  0x080047b8      0xb68 c:/ac6/systemworkbench/plugins/fr.ac6.mcu.externaltools.arm-none.win32_1.16.0.201807130628/tools/compiler/bin/../lib/gcc/arm-none-eabi/7.2.1/../../../../arm-none-eabi/lib/thumb/v7-m\libc_nano.a(lib_a-dtoa.o)
                0x080047b8                _dtoa_r
 .text._localeconv_r
                0x08005320       0x1c c:/ac6/systemworkbench/plugins/fr.ac6.mcu.externaltools.arm-none.win32_1.16.0.201807130628/tools/compiler/bin/../lib/gcc/arm-none-eabi/7.2.1/../../../../arm-none-eabi/lib/thumb/v7-m\libc_nano.a(lib_a-localeconv.o)
                0x08005320                _localeconv_r
 .text.malloc   0x0800533c       0x10 c:/ac6/systemworkbench/plugins/fr.ac6.mcu.externaltools.arm-none.win32_1.16.0.201807130628/tools/compiler/bin/../lib/gcc/arm-none-eabi/7.2.1/../../../../arm-none-eabi/lib/thumb/v7-m\libc_nano.a(lib_a-malloc.o)
                0x0800533c                malloc
 .text.memchr   0x0800534c       0x1c c:/ac6/systemworkbench/plugins/fr.ac6.mcu.externaltools.arm-none.win32_1.16.0.201807130628/tools/compiler/bin/../lib/gcc/arm-none-eabi/7.2.1/../../../../arm-none-eabi/lib/thumb/v7-m\libc_nano.a(lib_a-memchr-stub.o)
                0x0800534c                memchr
 .text.memcpy   0x08005368       0x16 c:/ac6/systemworkbench/plugins/fr.ac6.mcu.externaltools.arm-none.win32_1.16.0.201807130628/tools/compiler/bin/../lib/gcc/arm-none-eabi/7.2.1/../../../../arm-none-eabi/lib/thumb/v7-m\libc_nano.a(lib_a-memcpy-stub.o)
                0x08005368                memcpy
 .text._Balloc  0x0800537e       0x68 c:/ac6/systemworkbench/plugins/fr.ac6.mcu.externaltools.arm-none.win32_1.16.0.201807130628/tools/compiler/bin/../lib/gcc/arm-none-eabi/7.2.1/../../../../arm-none-eabi/lib/thumb/v7-m\libc_nano.a(lib_a-mprec.o)
                0x0800537e                _Balloc
 .text._Bfree   0x080053e6       0x2e c:/ac6/systemworkbench/plugins/fr.ac6.mcu.externaltools.arm-none.win32_1.16.0.201807130628/tools/compiler/bin/../lib/gcc/arm-none-eabi/7.2.1/../../../../arm-none-eabi/lib/thumb/v7-m\libc_nano.a(lib_a-mprec.o)
                0x080053e6                _Bfree
 .text.__multadd
                0x08005414       0x76 c:/ac6/systemworkbench/plugins/fr.ac6.mcu.externaltools.arm-none.win32_1.16.0.201807130628/tools/compiler/bin/../lib/gcc/arm-none-eabi/7.2.1/../../../../arm-none-eabi/lib/thumb/v7-m\libc_nano.a(lib_a-mprec.o)
                0x08005414                __multadd
 .text.__hi0bits
                0x0800548a       0x3e c:/ac6/systemworkbench/plugins/fr.ac6.mcu.externaltools.arm-none.win32_1.16.0.201807130628/tools/compiler/bin/../lib/gcc/arm-none-eabi/7.2.1/../../../../arm-none-eabi/lib/thumb/v7-m\libc_nano.a(lib_a-mprec.o)
                0x0800548a                __hi0bits
 .text.__lo0bits
                0x080054c8       0x5e c:/ac6/systemworkbench/plugins/fr.ac6.mcu.externaltools.arm-none.win32_1.16.0.201807130628/tools/compiler/bin/../lib/gcc/arm-none-eabi/7.2.1/../../../../arm-none-eabi/lib/thumb/v7-m\libc_nano.a(lib_a-mprec.o)
                0x080054c8                __lo0bits
 .text.__i2b    0x08005526       0x12 c:/ac6/systemworkbench/plugins/fr.ac6.mcu.externaltools.arm-none.win32_1.16.0.201807130628/tools/compiler/bin/../lib/gcc/arm-none-eabi/7.2.1/../../../../arm-none-eabi/lib/thumb/v7-m\libc_nano.a(lib_a-mprec.o)
                0x08005526                __i2b
 .text.__multiply
                0x08005538      0x12a c:/ac6/systemworkbench/plugins/fr.ac6.mcu.externaltools.arm-none.win32_1.16.0.201807130628/tools/compiler/bin/../lib/gcc/arm-none-eabi/7.2.1/../../../../arm-none-eabi/lib/thumb/v7-m\libc_nano.a(lib_a-mprec.o)
                0x08005538                __multiply
 *fill*         0x08005662        0x2 
 .text.__pow5mult
                0x08005664       0x9c c:/ac6/systemworkbench/plugins/fr.ac6.mcu.externaltools.arm-none.win32_1.16.0.201807130628/tools/compiler/bin/../lib/gcc/arm-none-eabi/7.2.1/../../../../arm-none-eabi/lib/thumb/v7-m\libc_nano.a(lib_a-mprec.o)
                0x08005664                __pow5mult
 .text.__lshift
                0x08005700       0xa8 c:/ac6/systemworkbench/plugins/fr.ac6.mcu.externaltools.arm-none.win32_1.16.0.201807130628/tools/compiler/bin/../lib/gcc/arm-none-eabi/7.2.1/../../../../arm-none-eabi/lib/thumb/v7-m\libc_nano.a(lib_a-mprec.o)
                0x08005700                __lshift
 .text.__mcmp   0x080057a8       0x34 c:/ac6/systemworkbench/plugins/fr.ac6.mcu.externaltools.arm-none.win32_1.16.0.201807130628/tools/compiler/bin/../lib/gcc/arm-none-eabi/7.2.1/../../../../arm-none-eabi/lib/thumb/v7-m\libc_nano.a(lib_a-mprec.o)
                0x080057a8                __mcmp
 .text.__mdiff  0x080057dc       0xbc c:/ac6/systemworkbench/plugins/fr.ac6.mcu.externaltools.arm-none.win32_1.16.0.201807130628/tools/compiler/bin/../lib/gcc/arm-none-eabi/7.2.1/../../../../arm-none-eabi/lib/thumb/v7-m\libc_nano.a(lib_a-mprec.o)
                0x080057dc                __mdiff
 .text.__d2b    0x08005898       0x9e c:/ac6/systemworkbench/plugins/fr.ac6.mcu.externaltools.arm-none.win32_1.16.0.201807130628/tools/compiler/bin/../lib/gcc/arm-none-eabi/7.2.1/../../../../arm-none-eabi/lib/thumb/v7-m\libc_nano.a(lib_a-mprec.o)
                0x08005898                __d2b
 .text._calloc_r
                0x08005936       0x1c c:/ac6/systemworkbench/plugins/fr.ac6.mcu.externaltools.arm-none.win32_1.16.0.201807130628/tools/compiler/bin/../lib/gcc/arm-none-eabi/7.2.1/../../../../arm-none-eabi/lib/thumb/v7-m\libc_nano.a(lib_a-nano-callocr.o)
                0x08005936                _calloc_r
 *fill*         0x08005952        0x2 
 .text._free_r  0x08005954       0x98 c:/ac6/systemworkbench/plugins/fr.ac6.mcu.externaltools.arm-none.win32_1.16.0.201807130628/tools/compiler/bin/../lib/gcc/arm-none-eabi/7.2.1/../../../../arm-none-eabi/lib/thumb/v7-m\libc_nano.a(lib_a-nano-freer.o)
                0x08005954                _free_r
 .text._malloc_r
                0x080059ec       0xb4 c:/ac6/systemworkbench/plugins/fr.ac6.mcu.externaltools.arm-none.win32_1.16.0.201807130628/tools/compiler/bin/../lib/gcc/arm-none-eabi/7.2.1/../../../../arm-none-eabi/lib/thumb/v7-m\libc_nano.a(lib_a-nano-mallocr.o)
                0x080059ec                _malloc_r
 .text.__ssputs_r
                0x08005aa0       0xb4 c:/ac6/systemworkbench/plugins/fr.ac6.mcu.externaltools.arm-none.win32_1.16.0.201807130628/tools/compiler/bin/../lib/gcc/arm-none-eabi/7.2.1/../../../../arm-none-eabi/lib/thumb/v7-m\libc_nano.a(lib_a-nano-svfprintf.o)
                0x08005aa0                __ssputs_r
 .text._svfprintf_r
                0x08005b54      0x1ec c:/ac6/systemworkbench/plugins/fr.ac6.mcu.externaltools.arm-none.win32_1.16.0.201807130628/tools/compiler/bin/../lib/gcc/arm-none-eabi/7.2.1/../../../../arm-none-eabi/lib/thumb/v7-m\libc_nano.a(lib_a-nano-svfprintf.o)
                0x08005b54                _svfiprintf_r
                0x08005b54                _svfprintf_r
 .text._sbrk_r  0x08005d40       0x20 c:/ac6/systemworkbench/plugins/fr.ac6.mcu.externaltools.arm-none.win32_1.16.0.201807130628/tools/compiler/bin/../lib/gcc/arm-none-eabi/7.2.1/../../../../arm-none-eabi/lib/thumb/v7-m\libc_nano.a(lib_a-sbrkr.o)
                0x08005d40                _sbrk_r
 .text.__ascii_mbtowc
                0x08005d60       0x24 c:/ac6/systemworkbench/plugins/fr.ac6.mcu.externaltools.arm-none.win32_1.16.0.201807130628/tools/compiler/bin/../lib/gcc/arm-none-eabi/7.2.1/../../../../arm-none-eabi/lib/thumb/v7-m\libc_nano.a(lib_a-mbtowc_r.o)
                0x08005d60                __ascii_mbtowc
 .text.memmove  0x08005d84       0x32 c:/ac6/systemworkbench/plugins/fr.ac6.mcu.externaltools.arm-none.win32_1.16.0.201807130628/tools/compiler/bin/../lib/gcc/arm-none-eabi/7.2.1/../../../../arm-none-eabi/lib/thumb/v7-m\libc_nano.a(lib_a-memmove.o)
                0x08005d84                memmove
 .text.__malloc_lock
                0x08005db6        0x2 c:/ac6/systemworkbench/plugins/fr.ac6.mcu.externaltools.arm-none.win32_1.16.0.201807130628/tools/compiler/bin/../lib/gcc/arm-none-eabi/7.2.1/../../../../arm-none-eabi/lib/thumb/v7-m\libc_nano.a(lib_a-mlock.o)
                0x08005db6                __malloc_lock
 .text.__malloc_unlock
                0x08005db8        0x2 c:/ac6/systemworkbench/plugins/fr.ac6.mcu.externaltools.arm-none.win32_1.16.0.201807130628/tools/compiler/bin/../lib/gcc/arm-none-eabi/7.2.1/../../../../arm-none-eabi/lib/thumb/v7-m\libc_nano.a(lib_a-mlock.o)
                0x08005db8                __malloc_unlock
 .text._realloc_r
                0x08005dba       0x4c c:/ac6/systemworkbench/plugins/fr.ac6.mcu.externaltools.arm-none.win32_1.16.0.201807130628/tools/compiler/bin/../lib/gcc/arm-none-eabi/7.2.1/../../../../arm-none-eabi/lib/thumb/v7-m\libc_nano.a(lib_a-nano-reallocr.o)
                0x08005dba                _realloc_r
 .text.__ascii_wctomb
                0x08005e06       0x1a c:/ac6/systemworkbench/plugins/fr.ac6.mcu.externaltools.arm-none.win32_1.16.0.201807130628/tools/compiler/bin/../lib/gcc/arm-none-eabi/7.2.1/../../../../arm-none-eabi/lib/thumb/v7-m\libc_nano.a(lib_a-wctomb_r.o)
                0x08005e06                __ascii_wctomb
 .text._malloc_usable_size_r
                0x08005e20       0x10 c:/ac6/systemworkbench/plugins/fr.ac6.mcu.externaltools.arm-none.win32_1.16.0.201807130628/tools/compiler/bin/../lib/gcc/arm-none-eabi/7.2.1/../../../../arm-none-eabi/lib/thumb/v7-m\libc_nano.a(lib_a-nano-msizer.o)
                0x08005e20                _malloc_usable_size_r
 .text._sbrk    0x08005e30       0x1c c:/ac6/systemworkbench/plugins/fr.ac6.mcu.externaltools.arm-none.win32_1.16.0.201807130628/tools/compiler/bin/../lib/gcc/arm-none-eabi/7.2.1/../../../../arm-none-eabi/lib/thumb/v7-m\libnosys.a(sbrk.o)
                0x08005e30                _sbrk
 *(.glue_7)
 .glue_7        0x08005e4c        0x0 linker stubs
 *(.glue_7t)
 .glue_7t       0x08005e4c        0x0 linker stubs
 *(.eh_frame)
 .eh_frame      0x08005e4c        0x0 c:/ac6/systemworkbench/plugins/fr.ac6.mcu.externaltools.arm-none.win32_1.16.0.201807130628/tools/compiler/bin/../lib/gcc/arm-none-eabi/7.2.1/thumb/v7-m/crtbegin.o
 *(.init)
 .init          0x08005e4c        0x4 c:/ac6/systemworkbench/plugins/fr.ac6.mcu.externaltools.arm-none.win32_1.16.0.201807130628/tools/compiler/bin/../lib/gcc/arm-none-eabi/7.2.1/thumb/v7-m/crti.o
                0x08005e4c                _init
 .init          0x08005e50        0x8 c:/ac6/systemworkbench/plugins/fr.ac6.mcu.externaltools.arm-none.win32_1.16.0.201807130628/tools/compiler/bin/../lib/gcc/arm-none-eabi/7.2.1/thumb/v7-m/crtn.o
 *(.fini)
 .fini          0x08005e58        0x4 c:/ac6/systemworkbench/plugins/fr.ac6.mcu.externaltools.arm-none.win32_1.16.0.201807130628/tools/compiler/bin/../lib/gcc/arm-none-eabi/7.2.1/thumb/v7-m/crti.o
                0x08005e58                _fini
 .fini          0x08005e5c        0x8 c:/ac6/systemworkbench/plugins/fr.ac6.mcu.externaltools.arm-none.win32_1.16.0.201807130628/tools/compiler/bin/../lib/gcc/arm-none-eabi/7.2.1/thumb/v7-m/crtn.o
                0x08005e64                . = ALIGN (0x4)
                0x08005e64                _etext = .

.vfp11_veneer   0x08005e64        0x0
 .vfp11_veneer  0x08005e64        0x0 linker stubs

.v4_bx          0x08005e64        0x0
 .v4_bx         0x08005e64        0x0 linker stubs

.iplt           0x08005e64        0x0
 .iplt          0x08005e64        0x0 c:/ac6/systemworkbench/plugins/fr.ac6.mcu.externaltools.arm-none.win32_1.16.0.201807130628/tools/compiler/bin/../lib/gcc/arm-none-eabi/7.2.1/thumb/v7-m/crtbegin.o

.rodata         0x08005e68      0x340
                0x08005e68                . = ALIGN (0x4)
 *(.rodata)
 .rodata        0x08005e68       0x9f Src/main.o
 *fill*         0x08005f07        0x1 
 .rodata        0x08005f08       0x28 Src/mpu6050.o
                0x08005f10                _mpu6050_accel_sens_tab
                0x08005f20                _mpu6050_gyro_sens_tab
 .rodata        0x08005f30       0x18 Src/system_stm32f1xx.o
                0x08005f30                AHBPrescTable
                0x08005f40                APBPrescTable
 *(.rodata*)
 .rodata._printf_float.str1.1
                0x08005f48       0x12 c:/ac6/systemworkbench/plugins/fr.ac6.mcu.externaltools.arm-none.win32_1.16.0.201807130628/tools/compiler/bin/../lib/gcc/arm-none-eabi/7.2.1/../../../../arm-none-eabi/lib/thumb/v7-m\libc_nano.a(lib_a-nano-vfprintf_float.o)
 .rodata._printf_i.str1.1
                0x08005f5a       0x22 c:/ac6/systemworkbench/plugins/fr.ac6.mcu.externaltools.arm-none.win32_1.16.0.201807130628/tools/compiler/bin/../lib/gcc/arm-none-eabi/7.2.1/../../../../arm-none-eabi/lib/thumb/v7-m\libc_nano.a(lib_a-nano-vfprintf_i.o)
 .rodata._dtoa_r.str1.1
                0x08005f7c        0xd c:/ac6/systemworkbench/plugins/fr.ac6.mcu.externaltools.arm-none.win32_1.16.0.201807130628/tools/compiler/bin/../lib/gcc/arm-none-eabi/7.2.1/../../../../arm-none-eabi/lib/thumb/v7-m\libc_nano.a(lib_a-dtoa.o)
                                  0xf (size before relaxing)
 *fill*         0x08005f89        0x7 
 .rodata.__mprec_bigtens
                0x08005f90       0x28 c:/ac6/systemworkbench/plugins/fr.ac6.mcu.externaltools.arm-none.win32_1.16.0.201807130628/tools/compiler/bin/../lib/gcc/arm-none-eabi/7.2.1/../../../../arm-none-eabi/lib/thumb/v7-m\libc_nano.a(lib_a-mprec.o)
                0x08005f90                __mprec_bigtens
 .rodata.__mprec_tens
                0x08005fb8       0xc8 c:/ac6/systemworkbench/plugins/fr.ac6.mcu.externaltools.arm-none.win32_1.16.0.201807130628/tools/compiler/bin/../lib/gcc/arm-none-eabi/7.2.1/../../../../arm-none-eabi/lib/thumb/v7-m\libc_nano.a(lib_a-mprec.o)
                0x08005fb8                __mprec_tens
 .rodata.p05.6084
                0x08006080        0xc c:/ac6/systemworkbench/plugins/fr.ac6.mcu.externaltools.arm-none.win32_1.16.0.201807130628/tools/compiler/bin/../lib/gcc/arm-none-eabi/7.2.1/../../../../arm-none-eabi/lib/thumb/v7-m\libc_nano.a(lib_a-mprec.o)
 .rodata._svfprintf_r.str1.1
                0x0800608c       0x11 c:/ac6/systemworkbench/plugins/fr.ac6.mcu.externaltools.arm-none.win32_1.16.0.201807130628/tools/compiler/bin/../lib/gcc/arm-none-eabi/7.2.1/../../../../arm-none-eabi/lib/thumb/v7-m\libc_nano.a(lib_a-nano-svfprintf.o)
 .rodata._setlocale_r.str1.1
                0x0800609d        0x8 c:/ac6/systemworkbench/plugins/fr.ac6.mcu.externaltools.arm-none.win32_1.16.0.201807130628/tools/compiler/bin/../lib/gcc/arm-none-eabi/7.2.1/../../../../arm-none-eabi/lib/thumb/v7-m\libc_nano.a(lib_a-locale.o)
                                  0x9 (size before relaxing)
 .rodata.str1.1
                0x080060a5        0x2 c:/ac6/systemworkbench/plugins/fr.ac6.mcu.externaltools.arm-none.win32_1.16.0.201807130628/tools/compiler/bin/../lib/gcc/arm-none-eabi/7.2.1/../../../../arm-none-eabi/lib/thumb/v7-m\libc_nano.a(lib_a-locale.o)
 .rodata._ctype_
                0x080060a7      0x101 c:/ac6/systemworkbench/plugins/fr.ac6.mcu.externaltools.arm-none.win32_1.16.0.201807130628/tools/compiler/bin/../lib/gcc/arm-none-eabi/7.2.1/../../../../arm-none-eabi/lib/thumb/v7-m\libc_nano.a(lib_a-ctype_.o)
                0x080060a7                _ctype_
                0x080061a8                . = ALIGN (0x4)

.rel.dyn        0x080061a8        0x0
 .rel.iplt      0x080061a8        0x0 c:/ac6/systemworkbench/plugins/fr.ac6.mcu.externaltools.arm-none.win32_1.16.0.201807130628/tools/compiler/bin/../lib/gcc/arm-none-eabi/7.2.1/thumb/v7-m/crtbegin.o

.ARM.extab
 *(.ARM.extab* .gnu.linkonce.armextab.*)

.ARM            0x080061a8        0x0
                0x080061a8                __exidx_start = .
 *(.ARM.exidx*)
                0x080061a8                __exidx_end = .

.preinit_array  0x080061a8        0x0
                0x080061a8                PROVIDE (__preinit_array_start, .)
 *(.preinit_array*)
                0x080061a8                PROVIDE (__preinit_array_end, .)

.init_array     0x080061a8        0x4
                0x080061a8                PROVIDE (__init_array_start, .)
 *(SORT_BY_NAME(.init_array.*))
 *(.init_array*)
 .init_array    0x080061a8        0x4 c:/ac6/systemworkbench/plugins/fr.ac6.mcu.externaltools.arm-none.win32_1.16.0.201807130628/tools/compiler/bin/../lib/gcc/arm-none-eabi/7.2.1/thumb/v7-m/crtbegin.o
                0x080061ac                PROVIDE (__init_array_end, .)

.fini_array     0x080061ac        0x4
                [!provide]                PROVIDE (__fini_array_start, .)
 *(SORT_BY_NAME(.fini_array.*))
 *(.fini_array*)
 .fini_array    0x080061ac        0x4 c:/ac6/systemworkbench/plugins/fr.ac6.mcu.externaltools.arm-none.win32_1.16.0.201807130628/tools/compiler/bin/../lib/gcc/arm-none-eabi/7.2.1/thumb/v7-m/crtbegin.o
                [!provide]                PROVIDE (__fini_array_end, .)
                0x080061b0                _sidata = LOADADDR (.data)

.data           0x20000000      0x1dc load address 0x080061b0
                0x20000000                . = ALIGN (0x4)
                0x20000000                _sdata = .
 *(.data)
 .data          0x20000000        0x5 Drivers/STM32F1xx_HAL_Driver/Src/stm32f1xx_hal.o
                0x20000000                uwTickPrio
                0x20000004                uwTickFreq
 *fill*         0x20000005        0x3 
 .data          0x20000008        0x4 Src/system_stm32f1xx.o
                0x20000008                SystemCoreClock
 *(.data*)
 .data._impure_ptr
                0x2000000c        0x4 c:/ac6/systemworkbench/plugins/fr.ac6.mcu.externaltools.arm-none.win32_1.16.0.201807130628/tools/compiler/bin/../lib/gcc/arm-none-eabi/7.2.1/../../../../arm-none-eabi/lib/thumb/v7-m\libc_nano.a(lib_a-impure.o)
                0x2000000c                _impure_ptr
 .data.impure_data
                0x20000010       0x60 c:/ac6/systemworkbench/plugins/fr.ac6.mcu.externaltools.arm-none.win32_1.16.0.201807130628/tools/compiler/bin/../lib/gcc/arm-none-eabi/7.2.1/../../../../arm-none-eabi/lib/thumb/v7-m\libc_nano.a(lib_a-impure.o)
 .data.__global_locale
                0x20000070      0x16c c:/ac6/systemworkbench/plugins/fr.ac6.mcu.externaltools.arm-none.win32_1.16.0.201807130628/tools/compiler/bin/../lib/gcc/arm-none-eabi/7.2.1/../../../../arm-none-eabi/lib/thumb/v7-m\libc_nano.a(lib_a-locale.o)
                0x20000070                __global_locale
                0x200001dc                . = ALIGN (0x4)
                0x200001dc                _edata = .

.igot.plt       0x200001dc        0x0 load address 0x0800638c
 .igot.plt      0x200001dc        0x0 c:/ac6/systemworkbench/plugins/fr.ac6.mcu.externaltools.arm-none.win32_1.16.0.201807130628/tools/compiler/bin/../lib/gcc/arm-none-eabi/7.2.1/thumb/v7-m/crtbegin.o
                0x200001dc                . = ALIGN (0x4)

.bss            0x200001dc       0x74 load address 0x0800638c
                0x200001dc                _sbss = .
                0x200001dc                __bss_start__ = _sbss
 *(.bss)
 .bss           0x200001dc       0x1c c:/ac6/systemworkbench/plugins/fr.ac6.mcu.externaltools.arm-none.win32_1.16.0.201807130628/tools/compiler/bin/../lib/gcc/arm-none-eabi/7.2.1/thumb/v7-m/crtbegin.o
 .bss           0x200001f8        0x1 Src/main.o
                0x200001f8                imu_new_data
 *(.bss*)
 *fill*         0x200001f9        0x3 
 .bss.__malloc_free_list
                0x200001fc        0x4 c:/ac6/systemworkbench/plugins/fr.ac6.mcu.externaltools.arm-none.win32_1.16.0.201807130628/tools/compiler/bin/../lib/gcc/arm-none-eabi/7.2.1/../../../../arm-none-eabi/lib/thumb/v7-m\libc_nano.a(lib_a-nano-mallocr.o)
                0x200001fc                __malloc_free_list
 .bss.__malloc_sbrk_start
                0x20000200        0x4 c:/ac6/systemworkbench/plugins/fr.ac6.mcu.externaltools.arm-none.win32_1.16.0.201807130628/tools/compiler/bin/../lib/gcc/arm-none-eabi/7.2.1/../../../../arm-none-eabi/lib/thumb/v7-m\libc_nano.a(lib_a-nano-mallocr.o)
                0x20000200                __malloc_sbrk_start
 .bss.heap_end.4102
                0x20000204        0x4 c:/ac6/systemworkbench/plugins/fr.ac6.mcu.externaltools.arm-none.win32_1.16.0.201807130628/tools/compiler/bin/../lib/gcc/arm-none-eabi/7.2.1/../../../../arm-none-eabi/lib/thumb/v7-m\libnosys.a(sbrk.o)
 *(COMMON)
 COMMON         0x20000208        0x4 Drivers/STM32F1xx_HAL_Driver/Src/stm32f1xx_hal.o
                0x20000208                uwTick
 COMMON         0x2000020c       0x40 Src/main.o
                0x2000020c                huart1
 COMMON         0x2000024c        0x4 c:/ac6/systemworkbench/plugins/fr.ac6.mcu.externaltools.arm-none.win32_1.16.0.201807130628/tools/compiler/bin/../lib/gcc/arm-none-eabi/7.2.1/../../../../arm-none-eabi/lib/thumb/v7-m\libc_nano.a(lib_a-reent.o)
                0x2000024c                errno
                0x20000250                . = ALIGN (0x4)
                0x20000250                _ebss = .
                0x20000250                __bss_end__ = _ebss

._user_heap_stack
                0x20000250      0x600 load address 0x0800638c
                0x20000250                . = ALIGN (0x8)
                0x20000250                PROVIDE (end, .)
                [!provide]                PROVIDE (_end, .)
                0x20000450                . = (. + _Min_Heap_Size)
 *fill*         0x20000250      0x200 
                0x20000850                . = (. + _Min_Stack_Size)
 *fill*         0x20000450      0x400 
                0x20000850                . = ALIGN (0x8)

/DISCARD/
 libc.a(*)
 libm.a(*)
 libgcc.a(*)

.ARM.attributes
                0x00000000       0x29
 *(.ARM.attributes)
 .ARM.attributes
                0x00000000       0x1d c:/ac6/systemworkbench/plugins/fr.ac6.mcu.externaltools.arm-none.win32_1.16.0.201807130628/tools/compiler/bin/../lib/gcc/arm-none-eabi/7.2.1/thumb/v7-m/crti.o
 .ARM.attributes
                0x0000001d       0x2d c:/ac6/systemworkbench/plugins/fr.ac6.mcu.externaltools.arm-none.win32_1.16.0.201807130628/tools/compiler/bin/../lib/gcc/arm-none-eabi/7.2.1/thumb/v7-m/crtbegin.o
 .ARM.attributes
                0x0000004a       0x33 Drivers/STM32F1xx_HAL_Driver/Src/stm32f1xx_hal.o
 .ARM.attributes
                0x0000007d       0x33 Drivers/STM32F1xx_HAL_Driver/Src/stm32f1xx_hal_cortex.o
 .ARM.attributes
                0x000000b0       0x33 Drivers/STM32F1xx_HAL_Driver/Src/stm32f1xx_hal_gpio.o
 .ARM.attributes
                0x000000e3       0x33 Drivers/STM32F1xx_HAL_Driver/Src/stm32f1xx_hal_rcc.o
 .ARM.attributes
                0x00000116       0x33 Drivers/STM32F1xx_HAL_Driver/Src/stm32f1xx_hal_uart.o
 .ARM.attributes
                0x00000149       0x33 Drivers/STM32F1xx_HAL_Driver/Src/stm32f1xx_ll_exti.o
 .ARM.attributes
                0x0000017c       0x33 Drivers/STM32F1xx_HAL_Driver/Src/stm32f1xx_ll_gpio.o
 .ARM.attributes
                0x000001af       0x33 Drivers/STM32F1xx_HAL_Driver/Src/stm32f1xx_ll_i2c.o
 .ARM.attributes
                0x000001e2       0x33 Drivers/STM32F1xx_HAL_Driver/Src/stm32f1xx_ll_rcc.o
 .ARM.attributes
                0x00000215       0x33 Drivers/STM32F1xx_HAL_Driver/Src/stm32f1xx_ll_utils.o
 .ARM.attributes
                0x00000248       0x33 Src/main.o
 .ARM.attributes
                0x0000027b       0x33 Src/mpu6050.o
 .ARM.attributes
                0x000002ae       0x33 Src/stm32f1xx_hal_msp.o
 .ARM.attributes
                0x000002e1       0x33 Src/stm32f1xx_it.o
 .ARM.attributes
                0x00000314       0x33 Src/system_stm32f1xx.o
 .ARM.attributes
                0x00000347       0x21 startup/startup_stm32f103xb.o
 .ARM.attributes
                0x00000368       0x1d c:/ac6/systemworkbench/plugins/fr.ac6.mcu.externaltools.arm-none.win32_1.16.0.201807130628/tools/compiler/bin/../lib/gcc/arm-none-eabi/7.2.1/thumb/v7-m\libgcc.a(_arm_addsubdf3.o)
 .ARM.attributes
                0x00000385       0x1d c:/ac6/systemworkbench/plugins/fr.ac6.mcu.externaltools.arm-none.win32_1.16.0.201807130628/tools/compiler/bin/../lib/gcc/arm-none-eabi/7.2.1/thumb/v7-m\libgcc.a(_arm_muldivdf3.o)
 .ARM.attributes
                0x000003a2       0x1d c:/ac6/systemworkbench/plugins/fr.ac6.mcu.externaltools.arm-none.win32_1.16.0.201807130628/tools/compiler/bin/../lib/gcc/arm-none-eabi/7.2.1/thumb/v7-m\libgcc.a(_arm_cmpdf2.o)
 .ARM.attributes
                0x000003bf       0x1d c:/ac6/systemworkbench/plugins/fr.ac6.mcu.externaltools.arm-none.win32_1.16.0.201807130628/tools/compiler/bin/../lib/gcc/arm-none-eabi/7.2.1/thumb/v7-m\libgcc.a(_arm_unorddf2.o)
 .ARM.attributes
                0x000003dc       0x1d c:/ac6/systemworkbench/plugins/fr.ac6.mcu.externaltools.arm-none.win32_1.16.0.201807130628/tools/compiler/bin/../lib/gcc/arm-none-eabi/7.2.1/thumb/v7-m\libgcc.a(_arm_truncdfsf2.o)
 .ARM.attributes
                0x000003f9       0x1d c:/ac6/systemworkbench/plugins/fr.ac6.mcu.externaltools.arm-none.win32_1.16.0.201807130628/tools/compiler/bin/../lib/gcc/arm-none-eabi/7.2.1/thumb/v7-m\libgcc.a(_arm_addsubsf3.o)
 .ARM.attributes
                0x00000416       0x1d c:/ac6/systemworkbench/plugins/fr.ac6.mcu.externaltools.arm-none.win32_1.16.0.201807130628/tools/compiler/bin/../lib/gcc/arm-none-eabi/7.2.1/thumb/v7-m\libgcc.a(_arm_muldivsf3.o)
 .ARM.attributes
                0x00000433       0x2d c:/ac6/systemworkbench/plugins/fr.ac6.mcu.externaltools.arm-none.win32_1.16.0.201807130628/tools/compiler/bin/../lib/gcc/arm-none-eabi/7.2.1/../../../../arm-none-eabi/lib/thumb/v7-m\libc_nano.a(lib_a-impure.o)
 .ARM.attributes
                0x00000460       0x2d c:/ac6/systemworkbench/plugins/fr.ac6.mcu.externaltools.arm-none.win32_1.16.0.201807130628/tools/compiler/bin/../lib/gcc/arm-none-eabi/7.2.1/../../../../arm-none-eabi/lib/thumb/v7-m\libc_nano.a(lib_a-init.o)
 .ARM.attributes
                0x0000048d       0x2d c:/ac6/systemworkbench/plugins/fr.ac6.mcu.externaltools.arm-none.win32_1.16.0.201807130628/tools/compiler/bin/../lib/gcc/arm-none-eabi/7.2.1/../../../../arm-none-eabi/lib/thumb/v7-m\libc_nano.a(lib_a-memset.o)
 .ARM.attributes
                0x000004ba       0x2d c:/ac6/systemworkbench/plugins/fr.ac6.mcu.externaltools.arm-none.win32_1.16.0.201807130628/tools/compiler/bin/../lib/gcc/arm-none-eabi/7.2.1/../../../../arm-none-eabi/lib/thumb/v7-m\libc_nano.a(lib_a-nano-vfprintf_float.o)
 .ARM.attributes
                0x000004e7       0x2d c:/ac6/systemworkbench/plugins/fr.ac6.mcu.externaltools.arm-none.win32_1.16.0.201807130628/tools/compiler/bin/../lib/gcc/arm-none-eabi/7.2.1/../../../../arm-none-eabi/lib/thumb/v7-m\libc_nano.a(lib_a-nano-vfprintf_i.o)
 .ARM.attributes
                0x00000514       0x2d c:/ac6/systemworkbench/plugins/fr.ac6.mcu.externaltools.arm-none.win32_1.16.0.201807130628/tools/compiler/bin/../lib/gcc/arm-none-eabi/7.2.1/../../../../arm-none-eabi/lib/thumb/v7-m\libc_nano.a(lib_a-sprintf.o)
 .ARM.attributes
                0x00000541       0x17 c:/ac6/systemworkbench/plugins/fr.ac6.mcu.externaltools.arm-none.win32_1.16.0.201807130628/tools/compiler/bin/../lib/gcc/arm-none-eabi/7.2.1/../../../../arm-none-eabi/lib/thumb/v7-m\libc_nano.a(lib_a-strlen.o)
 .ARM.attributes
                0x00000558       0x2d c:/ac6/systemworkbench/plugins/fr.ac6.mcu.externaltools.arm-none.win32_1.16.0.201807130628/tools/compiler/bin/../lib/gcc/arm-none-eabi/7.2.1/../../../../arm-none-eabi/lib/thumb/v7-m\libc_nano.a(lib_a-dtoa.o)
 .ARM.attributes
                0x00000585       0x2d c:/ac6/systemworkbench/plugins/fr.ac6.mcu.externaltools.arm-none.win32_1.16.0.201807130628/tools/compiler/bin/../lib/gcc/arm-none-eabi/7.2.1/../../../../arm-none-eabi/lib/thumb/v7-m\libc_nano.a(lib_a-localeconv.o)
 .ARM.attributes
                0x000005b2       0x2d c:/ac6/systemworkbench/plugins/fr.ac6.mcu.externaltools.arm-none.win32_1.16.0.201807130628/tools/compiler/bin/../lib/gcc/arm-none-eabi/7.2.1/../../../../arm-none-eabi/lib/thumb/v7-m\libc_nano.a(lib_a-malloc.o)
 .ARM.attributes
                0x000005df       0x2d c:/ac6/systemworkbench/plugins/fr.ac6.mcu.externaltools.arm-none.win32_1.16.0.201807130628/tools/compiler/bin/../lib/gcc/arm-none-eabi/7.2.1/../../../../arm-none-eabi/lib/thumb/v7-m\libc_nano.a(lib_a-memchr-stub.o)
 .ARM.attributes
                0x0000060c       0x2d c:/ac6/systemworkbench/plugins/fr.ac6.mcu.externaltools.arm-none.win32_1.16.0.201807130628/tools/compiler/bin/../lib/gcc/arm-none-eabi/7.2.1/../../../../arm-none-eabi/lib/thumb/v7-m\libc_nano.a(lib_a-memcpy-stub.o)
 .ARM.attributes
                0x00000639       0x2d c:/ac6/systemworkbench/plugins/fr.ac6.mcu.externaltools.arm-none.win32_1.16.0.201807130628/tools/compiler/bin/../lib/gcc/arm-none-eabi/7.2.1/../../../../arm-none-eabi/lib/thumb/v7-m\libc_nano.a(lib_a-mprec.o)
 .ARM.attributes
                0x00000666       0x2d c:/ac6/systemworkbench/plugins/fr.ac6.mcu.externaltools.arm-none.win32_1.16.0.201807130628/tools/compiler/bin/../lib/gcc/arm-none-eabi/7.2.1/../../../../arm-none-eabi/lib/thumb/v7-m\libc_nano.a(lib_a-nano-callocr.o)
 .ARM.attributes
                0x00000693       0x2d c:/ac6/systemworkbench/plugins/fr.ac6.mcu.externaltools.arm-none.win32_1.16.0.201807130628/tools/compiler/bin/../lib/gcc/arm-none-eabi/7.2.1/../../../../arm-none-eabi/lib/thumb/v7-m\libc_nano.a(lib_a-nano-freer.o)
 .ARM.attributes
                0x000006c0       0x2d c:/ac6/systemworkbench/plugins/fr.ac6.mcu.externaltools.arm-none.win32_1.16.0.201807130628/tools/compiler/bin/../lib/gcc/arm-none-eabi/7.2.1/../../../../arm-none-eabi/lib/thumb/v7-m\libc_nano.a(lib_a-nano-mallocr.o)
 .ARM.attributes
                0x000006ed       0x2d c:/ac6/systemworkbench/plugins/fr.ac6.mcu.externaltools.arm-none.win32_1.16.0.201807130628/tools/compiler/bin/../lib/gcc/arm-none-eabi/7.2.1/../../../../arm-none-eabi/lib/thumb/v7-m\libc_nano.a(lib_a-nano-svfprintf.o)
 .ARM.attributes
                0x0000071a       0x2d c:/ac6/systemworkbench/plugins/fr.ac6.mcu.externaltools.arm-none.win32_1.16.0.201807130628/tools/compiler/bin/../lib/gcc/arm-none-eabi/7.2.1/../../../../arm-none-eabi/lib/thumb/v7-m\libc_nano.a(lib_a-sbrkr.o)
 .ARM.attributes
                0x00000747       0x2d c:/ac6/systemworkbench/plugins/fr.ac6.mcu.externaltools.arm-none.win32_1.16.0.201807130628/tools/compiler/bin/../lib/gcc/arm-none-eabi/7.2.1/../../../../arm-none-eabi/lib/thumb/v7-m\libc_nano.a(lib_a-locale.o)
 .ARM.attributes
                0x00000774       0x2d c:/ac6/systemworkbench/plugins/fr.ac6.mcu.externaltools.arm-none.win32_1.16.0.201807130628/tools/compiler/bin/../lib/gcc/arm-none-eabi/7.2.1/../../../../arm-none-eabi/lib/thumb/v7-m\libc_nano.a(lib_a-mbtowc_r.o)
 .ARM.attributes
                0x000007a1       0x2d c:/ac6/systemworkbench/plugins/fr.ac6.mcu.externaltools.arm-none.win32_1.16.0.201807130628/tools/compiler/bin/../lib/gcc/arm-none-eabi/7.2.1/../../../../arm-none-eabi/lib/thumb/v7-m\libc_nano.a(lib_a-memmove.o)
 .ARM.attributes
                0x000007ce       0x2d c:/ac6/systemworkbench/plugins/fr.ac6.mcu.externaltools.arm-none.win32_1.16.0.201807130628/tools/compiler/bin/../lib/gcc/arm-none-eabi/7.2.1/../../../../arm-none-eabi/lib/thumb/v7-m\libc_nano.a(lib_a-mlock.o)
 .ARM.attributes
                0x000007fb       0x2d c:/ac6/systemworkbench/plugins/fr.ac6.mcu.externaltools.arm-none.win32_1.16.0.201807130628/tools/compiler/bin/../lib/gcc/arm-none-eabi/7.2.1/../../../../arm-none-eabi/lib/thumb/v7-m\libc_nano.a(lib_a-nano-reallocr.o)
 .ARM.attributes
                0x00000828       0x2d c:/ac6/systemworkbench/plugins/fr.ac6.mcu.externaltools.arm-none.win32_1.16.0.201807130628/tools/compiler/bin/../lib/gcc/arm-none-eabi/7.2.1/../../../../arm-none-eabi/lib/thumb/v7-m\libc_nano.a(lib_a-reent.o)
 .ARM.attributes
                0x00000855       0x2d c:/ac6/systemworkbench/plugins/fr.ac6.mcu.externaltools.arm-none.win32_1.16.0.201807130628/tools/compiler/bin/../lib/gcc/arm-none-eabi/7.2.1/../../../../arm-none-eabi/lib/thumb/v7-m\libc_nano.a(lib_a-wctomb_r.o)
 .ARM.attributes
                0x00000882       0x2d c:/ac6/systemworkbench/plugins/fr.ac6.mcu.externaltools.arm-none.win32_1.16.0.201807130628/tools/compiler/bin/../lib/gcc/arm-none-eabi/7.2.1/../../../../arm-none-eabi/lib/thumb/v7-m\libc_nano.a(lib_a-ctype_.o)
 .ARM.attributes
                0x000008af       0x2d c:/ac6/systemworkbench/plugins/fr.ac6.mcu.externaltools.arm-none.win32_1.16.0.201807130628/tools/compiler/bin/../lib/gcc/arm-none-eabi/7.2.1/../../../../arm-none-eabi/lib/thumb/v7-m\libc_nano.a(lib_a-nano-msizer.o)
 .ARM.attributes
                0x000008dc       0x1d c:/ac6/systemworkbench/plugins/fr.ac6.mcu.externaltools.arm-none.win32_1.16.0.201807130628/tools/compiler/bin/../lib/gcc/arm-none-eabi/7.2.1/thumb/v7-m\libgcc.a(_arm_fixdfsi.o)
 .ARM.attributes
                0x000008f9       0x2d c:/ac6/systemworkbench/plugins/fr.ac6.mcu.externaltools.arm-none.win32_1.16.0.201807130628/tools/compiler/bin/../lib/gcc/arm-none-eabi/7.2.1/../../../../arm-none-eabi/lib/thumb/v7-m\libnosys.a(sbrk.o)
 .ARM.attributes
                0x00000926       0x1d c:/ac6/systemworkbench/plugins/fr.ac6.mcu.externaltools.arm-none.win32_1.16.0.201807130628/tools/compiler/bin/../lib/gcc/arm-none-eabi/7.2.1/thumb/v7-m/crtn.o
OUTPUT(balancing_f1.elf elf32-littlearm)

.debug_info     0x00000000     0xd3b6
 .debug_info    0x00000000      0xf0a Drivers/STM32F1xx_HAL_Driver/Src/stm32f1xx_hal.o
 .debug_info    0x00000f0a     0x1358 Drivers/STM32F1xx_HAL_Driver/Src/stm32f1xx_hal_cortex.o
 .debug_info    0x00002262      0xebd Drivers/STM32F1xx_HAL_Driver/Src/stm32f1xx_hal_gpio.o
 .debug_info    0x0000311f     0x1039 Drivers/STM32F1xx_HAL_Driver/Src/stm32f1xx_hal_rcc.o
 .debug_info    0x00004158     0x19f0 Drivers/STM32F1xx_HAL_Driver/Src/stm32f1xx_hal_uart.o
 .debug_info    0x00005b48      0x3aa Drivers/STM32F1xx_HAL_Driver/Src/stm32f1xx_ll_exti.o
 .debug_info    0x00005ef2      0x670 Drivers/STM32F1xx_HAL_Driver/Src/stm32f1xx_ll_gpio.o
 .debug_info    0x00006562      0x559 Drivers/STM32F1xx_HAL_Driver/Src/stm32f1xx_ll_i2c.o
 .debug_info    0x00006abb      0x594 Drivers/STM32F1xx_HAL_Driver/Src/stm32f1xx_ll_rcc.o
 .debug_info    0x0000704f      0x777 Drivers/STM32F1xx_HAL_Driver/Src/stm32f1xx_ll_utils.o
 .debug_info    0x000077c6     0x2218 Src/main.o
 .debug_info    0x000099de     0x1a11 Src/mpu6050.o
 .debug_info    0x0000b3ef     0x1069 Src/stm32f1xx_hal_msp.o
 .debug_info    0x0000c458      0xb53 Src/stm32f1xx_it.o
 .debug_info    0x0000cfab      0x3e9 Src/system_stm32f1xx.o
 .debug_info    0x0000d394       0x22 startup/startup_stm32f103xb.o

.debug_abbrev   0x00000000     0x2545
 .debug_abbrev  0x00000000      0x2f5 Drivers/STM32F1xx_HAL_Driver/Src/stm32f1xx_hal.o
 .debug_abbrev  0x000002f5      0x396 Drivers/STM32F1xx_HAL_Driver/Src/stm32f1xx_hal_cortex.o
 .debug_abbrev  0x0000068b      0x289 Drivers/STM32F1xx_HAL_Driver/Src/stm32f1xx_hal_gpio.o
 .debug_abbrev  0x00000914      0x323 Drivers/STM32F1xx_HAL_Driver/Src/stm32f1xx_hal_rcc.o
 .debug_abbrev  0x00000c37      0x2eb Drivers/STM32F1xx_HAL_Driver/Src/stm32f1xx_hal_uart.o
 .debug_abbrev  0x00000f22      0x19e Drivers/STM32F1xx_HAL_Driver/Src/stm32f1xx_ll_exti.o
 .debug_abbrev  0x000010c0      0x210 Drivers/STM32F1xx_HAL_Driver/Src/stm32f1xx_ll_gpio.o
 .debug_abbrev  0x000012d0      0x193 Drivers/STM32F1xx_HAL_Driver/Src/stm32f1xx_ll_i2c.o
 .debug_abbrev  0x00001463      0x225 Drivers/STM32F1xx_HAL_Driver/Src/stm32f1xx_ll_rcc.o
 .debug_abbrev  0x00001688      0x22b Drivers/STM32F1xx_HAL_Driver/Src/stm32f1xx_ll_utils.o
 .debug_abbrev  0x000018b3      0x3da Src/main.o
 .debug_abbrev  0x00001c8d      0x303 Src/mpu6050.o
 .debug_abbrev  0x00001f90      0x226 Src/stm32f1xx_hal_msp.o
 .debug_abbrev  0x000021b6      0x249 Src/stm32f1xx_it.o
 .debug_abbrev  0x000023ff      0x134 Src/system_stm32f1xx.o
 .debug_abbrev  0x00002533       0x12 startup/startup_stm32f103xb.o

.debug_aranges  0x00000000      0xb70
 .debug_aranges
                0x00000000       0xd0 Drivers/STM32F1xx_HAL_Driver/Src/stm32f1xx_hal.o
 .debug_aranges
                0x000000d0      0x100 Drivers/STM32F1xx_HAL_Driver/Src/stm32f1xx_hal_cortex.o
 .debug_aranges
                0x000001d0       0x58 Drivers/STM32F1xx_HAL_Driver/Src/stm32f1xx_hal_gpio.o
 .debug_aranges
                0x00000228       0x90 Drivers/STM32F1xx_HAL_Driver/Src/stm32f1xx_hal_rcc.o
 .debug_aranges
                0x000002b8      0x1d0 Drivers/STM32F1xx_HAL_Driver/Src/stm32f1xx_hal_uart.o
 .debug_aranges
                0x00000488       0x70 Drivers/STM32F1xx_HAL_Driver/Src/stm32f1xx_ll_exti.o
 .debug_aranges
                0x000004f8       0x60 Drivers/STM32F1xx_HAL_Driver/Src/stm32f1xx_ll_gpio.o
 .debug_aranges
                0x00000558       0x70 Drivers/STM32F1xx_HAL_Driver/Src/stm32f1xx_ll_i2c.o
 .debug_aranges
                0x000005c8       0xd8 Drivers/STM32F1xx_HAL_Driver/Src/stm32f1xx_ll_rcc.o
 .debug_aranges
                0x000006a0       0xf0 Drivers/STM32F1xx_HAL_Driver/Src/stm32f1xx_ll_utils.o
 .debug_aranges
                0x00000790      0x180 Src/main.o
 .debug_aranges
                0x00000910      0x160 Src/mpu6050.o
 .debug_aranges
                0x00000a70       0x30 Src/stm32f1xx_hal_msp.o
 .debug_aranges
                0x00000aa0       0x80 Src/stm32f1xx_it.o
 .debug_aranges
                0x00000b20       0x28 Src/system_stm32f1xx.o
 .debug_aranges
                0x00000b48       0x28 startup/startup_stm32f103xb.o

.debug_ranges   0x00000000      0xa78
 .debug_ranges  0x00000000       0xc0 Drivers/STM32F1xx_HAL_Driver/Src/stm32f1xx_hal.o
 .debug_ranges  0x000000c0       0xf0 Drivers/STM32F1xx_HAL_Driver/Src/stm32f1xx_hal_cortex.o
 .debug_ranges  0x000001b0       0x48 Drivers/STM32F1xx_HAL_Driver/Src/stm32f1xx_hal_gpio.o
 .debug_ranges  0x000001f8       0x80 Drivers/STM32F1xx_HAL_Driver/Src/stm32f1xx_hal_rcc.o
 .debug_ranges  0x00000278      0x1c0 Drivers/STM32F1xx_HAL_Driver/Src/stm32f1xx_hal_uart.o
 .debug_ranges  0x00000438       0x60 Drivers/STM32F1xx_HAL_Driver/Src/stm32f1xx_ll_exti.o
 .debug_ranges  0x00000498       0x50 Drivers/STM32F1xx_HAL_Driver/Src/stm32f1xx_ll_gpio.o
 .debug_ranges  0x000004e8       0x60 Drivers/STM32F1xx_HAL_Driver/Src/stm32f1xx_ll_i2c.o
 .debug_ranges  0x00000548       0xc8 Drivers/STM32F1xx_HAL_Driver/Src/stm32f1xx_ll_rcc.o
 .debug_ranges  0x00000610       0xe0 Drivers/STM32F1xx_HAL_Driver/Src/stm32f1xx_ll_utils.o
 .debug_ranges  0x000006f0      0x170 Src/main.o
 .debug_ranges  0x00000860      0x150 Src/mpu6050.o
 .debug_ranges  0x000009b0       0x20 Src/stm32f1xx_hal_msp.o
 .debug_ranges  0x000009d0       0x70 Src/stm32f1xx_it.o
 .debug_ranges  0x00000a40       0x18 Src/system_stm32f1xx.o
 .debug_ranges  0x00000a58       0x20 startup/startup_stm32f103xb.o

.debug_macro    0x00000000    0x1608b
 .debug_macro   0x00000000      0x2f4 Drivers/STM32F1xx_HAL_Driver/Src/stm32f1xx_hal.o
 .debug_macro   0x000002f4      0xa66 Drivers/STM32F1xx_HAL_Driver/Src/stm32f1xx_hal.o
 .debug_macro   0x00000d5a      0x163 Drivers/STM32F1xx_HAL_Driver/Src/stm32f1xx_hal.o
 .debug_macro   0x00000ebd       0x2e Drivers/STM32F1xx_HAL_Driver/Src/stm32f1xx_hal.o
 .debug_macro   0x00000eeb       0x22 Drivers/STM32F1xx_HAL_Driver/Src/stm32f1xx_hal.o
 .debug_macro   0x00000f0d       0x22 Drivers/STM32F1xx_HAL_Driver/Src/stm32f1xx_hal.o
 .debug_macro   0x00000f2f       0x87 Drivers/STM32F1xx_HAL_Driver/Src/stm32f1xx_hal.o
 .debug_macro   0x00000fb6       0x51 Drivers/STM32F1xx_HAL_Driver/Src/stm32f1xx_hal.o
 .debug_macro   0x00001007       0xef Drivers/STM32F1xx_HAL_Driver/Src/stm32f1xx_hal.o
 .debug_macro   0x000010f6       0x6a Drivers/STM32F1xx_HAL_Driver/Src/stm32f1xx_hal.o
 .debug_macro   0x00001160      0x1df Drivers/STM32F1xx_HAL_Driver/Src/stm32f1xx_hal.o
 .debug_macro   0x0000133f       0x34 Drivers/STM32F1xx_HAL_Driver/Src/stm32f1xx_hal.o
 .debug_macro   0x00001373       0x34 Drivers/STM32F1xx_HAL_Driver/Src/stm32f1xx_hal.o
 .debug_macro   0x000013a7      0xb8e Drivers/STM32F1xx_HAL_Driver/Src/stm32f1xx_hal.o
 .debug_macro   0x00001f35     0xe911 Drivers/STM32F1xx_HAL_Driver/Src/stm32f1xx_hal.o
 .debug_macro   0x00010846       0x43 Drivers/STM32F1xx_HAL_Driver/Src/stm32f1xx_hal.o
 .debug_macro   0x00010889       0x58 Drivers/STM32F1xx_HAL_Driver/Src/stm32f1xx_hal.o
 .debug_macro   0x000108e1       0x17 Drivers/STM32F1xx_HAL_Driver/Src/stm32f1xx_hal.o
 .debug_macro   0x000108f8       0x35 Drivers/STM32F1xx_HAL_Driver/Src/stm32f1xx_hal.o
 .debug_macro   0x0001092d       0x9c Drivers/STM32F1xx_HAL_Driver/Src/stm32f1xx_hal.o
 .debug_macro   0x000109c9       0x16 Drivers/STM32F1xx_HAL_Driver/Src/stm32f1xx_hal.o
 .debug_macro   0x000109df       0x97 Drivers/STM32F1xx_HAL_Driver/Src/stm32f1xx_hal.o
 .debug_macro   0x00010a76      0x330 Drivers/STM32F1xx_HAL_Driver/Src/stm32f1xx_hal.o
 .debug_macro   0x00010da6       0xfd Drivers/STM32F1xx_HAL_Driver/Src/stm32f1xx_hal.o
 .debug_macro   0x00010ea3       0x10 Drivers/STM32F1xx_HAL_Driver/Src/stm32f1xx_hal.o
 .debug_macro   0x00010eb3       0x58 Drivers/STM32F1xx_HAL_Driver/Src/stm32f1xx_hal.o
 .debug_macro   0x00010f0b       0x1f Drivers/STM32F1xx_HAL_Driver/Src/stm32f1xx_hal.o
 .debug_macro   0x00010f2a       0x43 Drivers/STM32F1xx_HAL_Driver/Src/stm32f1xx_hal.o
 .debug_macro   0x00010f6d       0x20 Drivers/STM32F1xx_HAL_Driver/Src/stm32f1xx_hal.o
 .debug_macro   0x00010f8d      0x18e Drivers/STM32F1xx_HAL_Driver/Src/stm32f1xx_hal.o
 .debug_macro   0x0001111b       0x10 Drivers/STM32F1xx_HAL_Driver/Src/stm32f1xx_hal.o
 .debug_macro   0x0001112b       0x1c Drivers/STM32F1xx_HAL_Driver/Src/stm32f1xx_hal.o
 .debug_macro   0x00011147       0x52 Drivers/STM32F1xx_HAL_Driver/Src/stm32f1xx_hal.o
 .debug_macro   0x00011199       0x40 Drivers/STM32F1xx_HAL_Driver/Src/stm32f1xx_hal.o
 .debug_macro   0x000111d9       0x10 Drivers/STM32F1xx_HAL_Driver/Src/stm32f1xx_hal.o
 .debug_macro   0x000111e9       0x40 Drivers/STM32F1xx_HAL_Driver/Src/stm32f1xx_hal.o
 .debug_macro   0x00011229       0xd7 Drivers/STM32F1xx_HAL_Driver/Src/stm32f1xx_hal.o
 .debug_macro   0x00011300       0x1c Drivers/STM32F1xx_HAL_Driver/Src/stm32f1xx_hal.o
 .debug_macro   0x0001131c       0x3d Drivers/STM32F1xx_HAL_Driver/Src/stm32f1xx_hal.o
 .debug_macro   0x00011359       0x16 Drivers/STM32F1xx_HAL_Driver/Src/stm32f1xx_hal.o
 .debug_macro   0x0001136f      0x16f Drivers/STM32F1xx_HAL_Driver/Src/stm32f1xx_hal.o
 .debug_macro   0x000114de       0x50 Drivers/STM32F1xx_HAL_Driver/Src/stm32f1xx_hal.o
 .debug_macro   0x0001152e      0x5c2 Drivers/STM32F1xx_HAL_Driver/Src/stm32f1xx_hal.o
 .debug_macro   0x00011af0      0x28a Drivers/STM32F1xx_HAL_Driver/Src/stm32f1xx_hal.o
 .debug_macro   0x00011d7a      0x1cb Drivers/STM32F1xx_HAL_Driver/Src/stm32f1xx_hal.o
 .debug_macro   0x00011f45      0x11e Drivers/STM32F1xx_HAL_Driver/Src/stm32f1xx_hal.o
 .debug_macro   0x00012063      0x1b3 Drivers/STM32F1xx_HAL_Driver/Src/stm32f1xx_hal.o
 .debug_macro   0x00012216       0x27 Drivers/STM32F1xx_HAL_Driver/Src/stm32f1xx_hal.o
 .debug_macro   0x0001223d      0x1bc Drivers/STM32F1xx_HAL_Driver/Src/stm32f1xx_hal.o
 .debug_macro   0x000123f9       0x34 Drivers/STM32F1xx_HAL_Driver/Src/stm32f1xx_hal.o
 .debug_macro   0x0001242d       0x3c Drivers/STM32F1xx_HAL_Driver/Src/stm32f1xx_hal.o
 .debug_macro   0x00012469       0x57 Drivers/STM32F1xx_HAL_Driver/Src/stm32f1xx_hal.o
 .debug_macro   0x000124c0       0x8c Drivers/STM32F1xx_HAL_Driver/Src/stm32f1xx_hal.o
 .debug_macro   0x0001254c      0x242 Drivers/STM32F1xx_HAL_Driver/Src/stm32f1xx_hal.o
 .debug_macro   0x0001278e      0x143 Drivers/STM32F1xx_HAL_Driver/Src/stm32f1xx_hal.o
 .debug_macro   0x000128d1      0x26b Drivers/STM32F1xx_HAL_Driver/Src/stm32f1xx_hal.o
 .debug_macro   0x00012b3c       0x83 Drivers/STM32F1xx_HAL_Driver/Src/stm32f1xx_hal.o
 .debug_macro   0x00012bbf      0x2d0 Drivers/STM32F1xx_HAL_Driver/Src/stm32f1xx_hal_cortex.o
 .debug_macro   0x00012e8f      0x340 Drivers/STM32F1xx_HAL_Driver/Src/stm32f1xx_hal_gpio.o
 .debug_macro   0x000131cf      0x2e2 Drivers/STM32F1xx_HAL_Driver/Src/stm32f1xx_hal_rcc.o
 .debug_macro   0x000134b1      0x2d1 Drivers/STM32F1xx_HAL_Driver/Src/stm32f1xx_hal_uart.o
 .debug_macro   0x00013782       0xe6 Drivers/STM32F1xx_HAL_Driver/Src/stm32f1xx_ll_exti.o
 .debug_macro   0x00013868       0xca Drivers/STM32F1xx_HAL_Driver/Src/stm32f1xx_ll_exti.o
 .debug_macro   0x00013932       0xfb Drivers/STM32F1xx_HAL_Driver/Src/stm32f1xx_ll_gpio.o
 .debug_macro   0x00013a2d      0x232 Drivers/STM32F1xx_HAL_Driver/Src/stm32f1xx_ll_gpio.o
 .debug_macro   0x00013c5f      0x10a Drivers/STM32F1xx_HAL_Driver/Src/stm32f1xx_ll_i2c.o
 .debug_macro   0x00013d69      0x167 Drivers/STM32F1xx_HAL_Driver/Src/stm32f1xx_ll_i2c.o
 .debug_macro   0x00013ed0      0x2c6 Drivers/STM32F1xx_HAL_Driver/Src/stm32f1xx_ll_i2c.o
 .debug_macro   0x00014196       0xe0 Drivers/STM32F1xx_HAL_Driver/Src/stm32f1xx_ll_rcc.o
 .debug_macro   0x00014276      0x2c0 Drivers/STM32F1xx_HAL_Driver/Src/stm32f1xx_ll_rcc.o
 .debug_macro   0x00014536      0x138 Drivers/STM32F1xx_HAL_Driver/Src/stm32f1xx_ll_utils.o
 .debug_macro   0x0001466e       0x2a Drivers/STM32F1xx_HAL_Driver/Src/stm32f1xx_ll_utils.o
 .debug_macro   0x00014698       0x78 Drivers/STM32F1xx_HAL_Driver/Src/stm32f1xx_ll_utils.o
 .debug_macro   0x00014710      0x3a9 Src/main.o
 .debug_macro   0x00014ab9      0x287 Src/main.o
 .debug_macro   0x00014d40      0x16d Src/main.o
 .debug_macro   0x00014ead       0xd0 Src/main.o
 .debug_macro   0x00014f7d       0x28 Src/main.o
 .debug_macro   0x00014fa5       0x90 Src/main.o
 .debug_macro   0x00015035      0x238 Src/main.o
 .debug_macro   0x0001526d       0x2e Src/main.o
 .debug_macro   0x0001529b       0x16 Src/main.o
 .debug_macro   0x000152b1       0x35 Src/main.o
 .debug_macro   0x000152e6       0x1c Src/main.o
 .debug_macro   0x00015302      0x35c Src/mpu6050.o
 .debug_macro   0x0001565e      0x174 Src/mpu6050.o
 .debug_macro   0x000157d2       0x3a Src/mpu6050.o
 .debug_macro   0x0001580c       0x1c Src/mpu6050.o
 .debug_macro   0x00015828      0x10c Src/mpu6050.o
 .debug_macro   0x00015934       0x16 Src/mpu6050.o
 .debug_macro   0x0001594a      0x339 Src/stm32f1xx_hal_msp.o
 .debug_macro   0x00015c83      0x343 Src/stm32f1xx_it.o
 .debug_macro   0x00015fc6       0xc5 Src/system_stm32f1xx.o

.debug_line     0x00000000     0x819b
 .debug_line    0x00000000      0x8ac Drivers/STM32F1xx_HAL_Driver/Src/stm32f1xx_hal.o
 .debug_line    0x000008ac      0x99a Drivers/STM32F1xx_HAL_Driver/Src/stm32f1xx_hal_cortex.o
 .debug_line    0x00001246      0x8e4 Drivers/STM32F1xx_HAL_Driver/Src/stm32f1xx_hal_gpio.o
 .debug_line    0x00001b2a      0x996 Drivers/STM32F1xx_HAL_Driver/Src/stm32f1xx_hal_rcc.o
 .debug_line    0x000024c0      0xfbd Drivers/STM32F1xx_HAL_Driver/Src/stm32f1xx_hal_uart.o
 .debug_line    0x0000347d      0x553 Drivers/STM32F1xx_HAL_Driver/Src/stm32f1xx_ll_exti.o
 .debug_line    0x000039d0      0x5c1 Drivers/STM32F1xx_HAL_Driver/Src/stm32f1xx_ll_gpio.o
 .debug_line    0x00003f91      0x5d8 Drivers/STM32F1xx_HAL_Driver/Src/stm32f1xx_ll_i2c.o
 .debug_line    0x00004569      0x675 Drivers/STM32F1xx_HAL_Driver/Src/stm32f1xx_ll_rcc.o
 .debug_line    0x00004bde      0x6f0 Drivers/STM32F1xx_HAL_Driver/Src/stm32f1xx_ll_utils.o
 .debug_line    0x000052ce      0xc9f Src/main.o
 .debug_line    0x00005f6d      0xcac Src/mpu6050.o
 .debug_line    0x00006c19      0x809 Src/stm32f1xx_hal_msp.o
 .debug_line    0x00007422      0x8da Src/stm32f1xx_it.o
 .debug_line    0x00007cfc      0x422 Src/system_stm32f1xx.o
 .debug_line    0x0000811e       0x7d startup/startup_stm32f103xb.o

.debug_str      0x00000000    0x72868
 .debug_str     0x00000000    0x69563 Drivers/STM32F1xx_HAL_Driver/Src/stm32f1xx_hal.o
                              0x69a16 (size before relaxing)
 .debug_str     0x00069563      0x326 Drivers/STM32F1xx_HAL_Driver/Src/stm32f1xx_hal_cortex.o
                              0x69a2a (size before relaxing)
 .debug_str     0x00069889      0x388 Drivers/STM32F1xx_HAL_Driver/Src/stm32f1xx_hal_gpio.o
                              0x69771 (size before relaxing)
 .debug_str     0x00069c11      0x368 Drivers/STM32F1xx_HAL_Driver/Src/stm32f1xx_hal_rcc.o
                              0x6979f (size before relaxing)
 .debug_str     0x00069f79      0x884 Drivers/STM32F1xx_HAL_Driver/Src/stm32f1xx_hal_uart.o
                              0x69c79 (size before relaxing)
 .debug_str     0x0006a7fd      0x812 Drivers/STM32F1xx_HAL_Driver/Src/stm32f1xx_ll_exti.o
                              0x56245 (size before relaxing)
 .debug_str     0x0006b00f     0x1970 Drivers/STM32F1xx_HAL_Driver/Src/stm32f1xx_ll_gpio.o
                              0x5748e (size before relaxing)
 .debug_str     0x0006c97f     0x21a3 Drivers/STM32F1xx_HAL_Driver/Src/stm32f1xx_ll_i2c.o
                              0x58232 (size before relaxing)
 .debug_str     0x0006eb22      0x35e Drivers/STM32F1xx_HAL_Driver/Src/stm32f1xx_ll_rcc.o
                              0x56fd8 (size before relaxing)
 .debug_str     0x0006ee80      0xf35 Drivers/STM32F1xx_HAL_Driver/Src/stm32f1xx_ll_utils.o
                              0x57c66 (size before relaxing)
 .debug_str     0x0006fdb5     0x1ee5 Src/main.o
                              0x6f87b (size before relaxing)
 .debug_str     0x00071c9a      0xa11 Src/mpu6050.o
                              0x6f455 (size before relaxing)
 .debug_str     0x000726ab       0x1b Src/stm32f1xx_hal_msp.o
                              0x6e92a (size before relaxing)
 .debug_str     0x000726c6      0x113 Src/stm32f1xx_it.o
                              0x6e5f8 (size before relaxing)
 .debug_str     0x000727d9       0x5f Src/system_stm32f1xx.o
                              0x55b67 (size before relaxing)
 .debug_str     0x00072838       0x30 startup/startup_stm32f103xb.o
                                 0x66 (size before relaxing)

.comment        0x00000000       0x7e
 .comment       0x00000000       0x7e Drivers/STM32F1xx_HAL_Driver/Src/stm32f1xx_hal.o
                                 0x7f (size before relaxing)
 .comment       0x0000007e       0x7f Drivers/STM32F1xx_HAL_Driver/Src/stm32f1xx_hal_cortex.o
 .comment       0x0000007e       0x7f Drivers/STM32F1xx_HAL_Driver/Src/stm32f1xx_hal_gpio.o
 .comment       0x0000007e       0x7f Drivers/STM32F1xx_HAL_Driver/Src/stm32f1xx_hal_rcc.o
 .comment       0x0000007e       0x7f Drivers/STM32F1xx_HAL_Driver/Src/stm32f1xx_hal_uart.o
 .comment       0x0000007e       0x7f Drivers/STM32F1xx_HAL_Driver/Src/stm32f1xx_ll_exti.o
 .comment       0x0000007e       0x7f Drivers/STM32F1xx_HAL_Driver/Src/stm32f1xx_ll_gpio.o
 .comment       0x0000007e       0x7f Drivers/STM32F1xx_HAL_Driver/Src/stm32f1xx_ll_i2c.o
 .comment       0x0000007e       0x7f Drivers/STM32F1xx_HAL_Driver/Src/stm32f1xx_ll_rcc.o
 .comment       0x0000007e       0x7f Drivers/STM32F1xx_HAL_Driver/Src/stm32f1xx_ll_utils.o
 .comment       0x0000007e       0x7f Src/main.o
 .comment       0x0000007e       0x7f Src/mpu6050.o
 .comment       0x0000007e       0x7f Src/stm32f1xx_hal_msp.o
 .comment       0x0000007e       0x7f Src/stm32f1xx_it.o
 .comment       0x0000007e       0x7f Src/system_stm32f1xx.o

.debug_frame    0x00000000     0x3930
 .debug_frame   0x00000000      0x2fc Drivers/STM32F1xx_HAL_Driver/Src/stm32f1xx_hal.o
 .debug_frame   0x000002fc      0x428 Drivers/STM32F1xx_HAL_Driver/Src/stm32f1xx_hal_cortex.o
 .debug_frame   0x00000724      0x14c Drivers/STM32F1xx_HAL_Driver/Src/stm32f1xx_hal_gpio.o
 .debug_frame   0x00000870      0x21c Drivers/STM32F1xx_HAL_Driver/Src/stm32f1xx_hal_rcc.o
 .debug_frame   0x00000a8c      0x83c Drivers/STM32F1xx_HAL_Driver/Src/stm32f1xx_hal_uart.o
 .debug_frame   0x000012c8      0x1bc Drivers/STM32F1xx_HAL_Driver/Src/stm32f1xx_ll_exti.o
 .debug_frame   0x00001484      0x170 Drivers/STM32F1xx_HAL_Driver/Src/stm32f1xx_ll_gpio.o
 .debug_frame   0x000015f4      0x1c4 Drivers/STM32F1xx_HAL_Driver/Src/stm32f1xx_ll_i2c.o
 .debug_frame   0x000017b8      0x34c Drivers/STM32F1xx_HAL_Driver/Src/stm32f1xx_ll_rcc.o
 .debug_frame   0x00001b04      0x3dc Drivers/STM32F1xx_HAL_Driver/Src/stm32f1xx_ll_utils.o
 .debug_frame   0x00001ee0      0x690 Src/main.o
 .debug_frame   0x00002570      0x620 Src/mpu6050.o
 .debug_frame   0x00002b90       0x80 Src/stm32f1xx_hal_msp.o
 .debug_frame   0x00002c10      0x198 Src/stm32f1xx_it.o
 .debug_frame   0x00002da8       0x58 Src/system_stm32f1xx.o
 .debug_frame   0x00002e00       0xac c:/ac6/systemworkbench/plugins/fr.ac6.mcu.externaltools.arm-none.win32_1.16.0.201807130628/tools/compiler/bin/../lib/gcc/arm-none-eabi/7.2.1/thumb/v7-m\libgcc.a(_arm_addsubdf3.o)
 .debug_frame   0x00002eac       0x50 c:/ac6/systemworkbench/plugins/fr.ac6.mcu.externaltools.arm-none.win32_1.16.0.201807130628/tools/compiler/bin/../lib/gcc/arm-none-eabi/7.2.1/thumb/v7-m\libgcc.a(_arm_muldivdf3.o)
 .debug_frame   0x00002efc       0xc4 c:/ac6/systemworkbench/plugins/fr.ac6.mcu.externaltools.arm-none.win32_1.16.0.201807130628/tools/compiler/bin/../lib/gcc/arm-none-eabi/7.2.1/thumb/v7-m\libgcc.a(_arm_cmpdf2.o)
 .debug_frame   0x00002fc0       0x20 c:/ac6/systemworkbench/plugins/fr.ac6.mcu.externaltools.arm-none.win32_1.16.0.201807130628/tools/compiler/bin/../lib/gcc/arm-none-eabi/7.2.1/thumb/v7-m\libgcc.a(_arm_unorddf2.o)
 .debug_frame   0x00002fe0       0x24 c:/ac6/systemworkbench/plugins/fr.ac6.mcu.externaltools.arm-none.win32_1.16.0.201807130628/tools/compiler/bin/../lib/gcc/arm-none-eabi/7.2.1/thumb/v7-m\libgcc.a(_arm_truncdfsf2.o)
 .debug_frame   0x00003004       0x4c c:/ac6/systemworkbench/plugins/fr.ac6.mcu.externaltools.arm-none.win32_1.16.0.201807130628/tools/compiler/bin/../lib/gcc/arm-none-eabi/7.2.1/thumb/v7-m\libgcc.a(_arm_addsubsf3.o)
 .debug_frame   0x00003050       0x38 c:/ac6/systemworkbench/plugins/fr.ac6.mcu.externaltools.arm-none.win32_1.16.0.201807130628/tools/compiler/bin/../lib/gcc/arm-none-eabi/7.2.1/thumb/v7-m\libgcc.a(_arm_muldivsf3.o)
 .debug_frame   0x00003088       0x2c c:/ac6/systemworkbench/plugins/fr.ac6.mcu.externaltools.arm-none.win32_1.16.0.201807130628/tools/compiler/bin/../lib/gcc/arm-none-eabi/7.2.1/../../../../arm-none-eabi/lib/thumb/v7-m\libc_nano.a(lib_a-init.o)
 .debug_frame   0x000030b4       0x20 c:/ac6/systemworkbench/plugins/fr.ac6.mcu.externaltools.arm-none.win32_1.16.0.201807130628/tools/compiler/bin/../lib/gcc/arm-none-eabi/7.2.1/../../../../arm-none-eabi/lib/thumb/v7-m\libc_nano.a(lib_a-memset.o)
 .debug_frame   0x000030d4       0x90 c:/ac6/systemworkbench/plugins/fr.ac6.mcu.externaltools.arm-none.win32_1.16.0.201807130628/tools/compiler/bin/../lib/gcc/arm-none-eabi/7.2.1/../../../../arm-none-eabi/lib/thumb/v7-m\libc_nano.a(lib_a-nano-vfprintf_float.o)
 .debug_frame   0x00003164       0x60 c:/ac6/systemworkbench/plugins/fr.ac6.mcu.externaltools.arm-none.win32_1.16.0.201807130628/tools/compiler/bin/../lib/gcc/arm-none-eabi/7.2.1/../../../../arm-none-eabi/lib/thumb/v7-m\libc_nano.a(lib_a-nano-vfprintf_i.o)
 .debug_frame   0x000031c4       0x6c c:/ac6/systemworkbench/plugins/fr.ac6.mcu.externaltools.arm-none.win32_1.16.0.201807130628/tools/compiler/bin/../lib/gcc/arm-none-eabi/7.2.1/../../../../arm-none-eabi/lib/thumb/v7-m\libc_nano.a(lib_a-sprintf.o)
 .debug_frame   0x00003230       0x6c c:/ac6/systemworkbench/plugins/fr.ac6.mcu.externaltools.arm-none.win32_1.16.0.201807130628/tools/compiler/bin/../lib/gcc/arm-none-eabi/7.2.1/../../../../arm-none-eabi/lib/thumb/v7-m\libc_nano.a(lib_a-dtoa.o)
 .debug_frame   0x0000329c       0x40 c:/ac6/systemworkbench/plugins/fr.ac6.mcu.externaltools.arm-none.win32_1.16.0.201807130628/tools/compiler/bin/../lib/gcc/arm-none-eabi/7.2.1/../../../../arm-none-eabi/lib/thumb/v7-m\libc_nano.a(lib_a-localeconv.o)
 .debug_frame   0x000032dc       0x30 c:/ac6/systemworkbench/plugins/fr.ac6.mcu.externaltools.arm-none.win32_1.16.0.201807130628/tools/compiler/bin/../lib/gcc/arm-none-eabi/7.2.1/../../../../arm-none-eabi/lib/thumb/v7-m\libc_nano.a(lib_a-malloc.o)
 .debug_frame   0x0000330c       0x28 c:/ac6/systemworkbench/plugins/fr.ac6.mcu.externaltools.arm-none.win32_1.16.0.201807130628/tools/compiler/bin/../lib/gcc/arm-none-eabi/7.2.1/../../../../arm-none-eabi/lib/thumb/v7-m\libc_nano.a(lib_a-memchr-stub.o)
 .debug_frame   0x00003334       0x28 c:/ac6/systemworkbench/plugins/fr.ac6.mcu.externaltools.arm-none.win32_1.16.0.201807130628/tools/compiler/bin/../lib/gcc/arm-none-eabi/7.2.1/../../../../arm-none-eabi/lib/thumb/v7-m\libc_nano.a(lib_a-memcpy-stub.o)
 .debug_frame   0x0000335c      0x248 c:/ac6/systemworkbench/plugins/fr.ac6.mcu.externaltools.arm-none.win32_1.16.0.201807130628/tools/compiler/bin/../lib/gcc/arm-none-eabi/7.2.1/../../../../arm-none-eabi/lib/thumb/v7-m\libc_nano.a(lib_a-mprec.o)
 .debug_frame   0x000035a4       0x2c c:/ac6/systemworkbench/plugins/fr.ac6.mcu.externaltools.arm-none.win32_1.16.0.201807130628/tools/compiler/bin/../lib/gcc/arm-none-eabi/7.2.1/../../../../arm-none-eabi/lib/thumb/v7-m\libc_nano.a(lib_a-nano-callocr.o)
 .debug_frame   0x000035d0       0x38 c:/ac6/systemworkbench/plugins/fr.ac6.mcu.externaltools.arm-none.win32_1.16.0.201807130628/tools/compiler/bin/../lib/gcc/arm-none-eabi/7.2.1/../../../../arm-none-eabi/lib/thumb/v7-m\libc_nano.a(lib_a-nano-freer.o)
 .debug_frame   0x00003608       0x2c c:/ac6/systemworkbench/plugins/fr.ac6.mcu.externaltools.arm-none.win32_1.16.0.201807130628/tools/compiler/bin/../lib/gcc/arm-none-eabi/7.2.1/../../../../arm-none-eabi/lib/thumb/v7-m\libc_nano.a(lib_a-nano-mallocr.o)
 .debug_frame   0x00003634       0x90 c:/ac6/systemworkbench/plugins/fr.ac6.mcu.externaltools.arm-none.win32_1.16.0.201807130628/tools/compiler/bin/../lib/gcc/arm-none-eabi/7.2.1/../../../../arm-none-eabi/lib/thumb/v7-m\libc_nano.a(lib_a-nano-svfprintf.o)
 .debug_frame   0x000036c4       0x2c c:/ac6/systemworkbench/plugins/fr.ac6.mcu.externaltools.arm-none.win32_1.16.0.201807130628/tools/compiler/bin/../lib/gcc/arm-none-eabi/7.2.1/../../../../arm-none-eabi/lib/thumb/v7-m\libc_nano.a(lib_a-sbrkr.o)
 .debug_frame   0x000036f0       0x68 c:/ac6/systemworkbench/plugins/fr.ac6.mcu.externaltools.arm-none.win32_1.16.0.201807130628/tools/compiler/bin/../lib/gcc/arm-none-eabi/7.2.1/../../../../arm-none-eabi/lib/thumb/v7-m\libc_nano.a(lib_a-locale.o)
 .debug_frame   0x00003758       0x48 c:/ac6/systemworkbench/plugins/fr.ac6.mcu.externaltools.arm-none.win32_1.16.0.201807130628/tools/compiler/bin/../lib/gcc/arm-none-eabi/7.2.1/../../../../arm-none-eabi/lib/thumb/v7-m\libc_nano.a(lib_a-mbtowc_r.o)
 .debug_frame   0x000037a0       0x28 c:/ac6/systemworkbench/plugins/fr.ac6.mcu.externaltools.arm-none.win32_1.16.0.201807130628/tools/compiler/bin/../lib/gcc/arm-none-eabi/7.2.1/../../../../arm-none-eabi/lib/thumb/v7-m\libc_nano.a(lib_a-memmove.o)
 .debug_frame   0x000037c8       0x30 c:/ac6/systemworkbench/plugins/fr.ac6.mcu.externaltools.arm-none.win32_1.16.0.201807130628/tools/compiler/bin/../lib/gcc/arm-none-eabi/7.2.1/../../../../arm-none-eabi/lib/thumb/v7-m\libc_nano.a(lib_a-mlock.o)
 .debug_frame   0x000037f8       0x3c c:/ac6/systemworkbench/plugins/fr.ac6.mcu.externaltools.arm-none.win32_1.16.0.201807130628/tools/compiler/bin/../lib/gcc/arm-none-eabi/7.2.1/../../../../arm-none-eabi/lib/thumb/v7-m\libc_nano.a(lib_a-nano-reallocr.o)
 .debug_frame   0x00003834       0x5c c:/ac6/systemworkbench/plugins/fr.ac6.mcu.externaltools.arm-none.win32_1.16.0.201807130628/tools/compiler/bin/../lib/gcc/arm-none-eabi/7.2.1/../../../../arm-none-eabi/lib/thumb/v7-m\libc_nano.a(lib_a-reent.o)